Component: ARM Compiler 5.06 update 5 (build 528) Tool: armlink [4d35ed]

==============================================================================

Section Cross References

    main.o(.text) refers to thread_sample.o(.text) for led_test
    main.o(.text) refers to pin.o(.text) for rt_pin_mode
    main.o(.text) refers to kservice.o(.text) for rt_kprintf
    main.o(.text) refers to thread.o(.text) for rt_thread_mdelay
    main.o(FSymTab) refers to main.o(.rodata.name) for __fsym___cmd_led_name
    main.o(FSymTab) refers to main.o(.text) for led
    board.o(.text) refers to stm32f1xx_hal_cortex.o(.text) for HAL_NVIC_SetPriorityGrouping
    board.o(.text) refers to stm32f1xx_hal_rcc.o(.text) for HAL_RCC_OscConfig
    board.o(.text) refers to kservice.o(.text) for rt_assert_handler
    board.o(.text) refers to irq.o(.text) for rt_interrupt_enter
    board.o(.text) refers to stm32f1xx_hal.o(.text) for HAL_IncTick
    board.o(.text) refers to clock.o(.text) for rt_tick_increase
    board.o(.text) refers to mem.o(.text) for rt_system_heap_init
    board.o(.text) refers to components.o(.text) for rt_components_board_init
    board.o(.text) refers to board.o(.constdata) for __FUNCTION__
    board.o(.text) refers to board.o(.conststring) for .conststring
    drv_gpio.o(.text) refers to stm32f1xx_hal_gpio.o(.text) for HAL_GPIO_WritePin
    drv_gpio.o(.text) refers to context_rvds.o(.text) for rt_hw_interrupt_disable
    drv_gpio.o(.text) refers to stm32f1xx_hal_cortex.o(.text) for HAL_NVIC_SetPriority
    drv_gpio.o(.text) refers to drv_gpio.o(.constdata) for pins
    drv_gpio.o(.text) refers to drv_gpio.o(.data) for pin_irq_hdr_tab
    drv_gpio.o(.text) refers to pin.o(.text) for rt_device_pin_register
    drv_gpio.o(.text) refers to irq.o(.text) for rt_interrupt_enter
    drv_gpio.o(.constdata) refers to drv_gpio.o(.text) for GPIOE_CLK_ENABLE
    drv_gpio.o(.rti_fn.1) refers to drv_gpio.o(.text) for rt_hw_pin_init
    drv_usart.o(.text) refers to kservice.o(.text) for rt_assert_handler
    drv_usart.o(.text) refers to stm32f1xx_hal_uart.o(.text) for HAL_UART_Init
    drv_usart.o(.text) refers to serial.o(.text) for rt_hw_serial_isr
    drv_usart.o(.text) refers to irq.o(.text) for rt_interrupt_enter
    drv_usart.o(.text) refers to stm32f1xx_hal_gpio.o(.text) for HAL_GPIO_Init
    drv_usart.o(.text) refers to stm32f1xx_hal_cortex.o(.text) for HAL_NVIC_SetPriority
    drv_usart.o(.text) refers to drv_usart.o(.constdata) for __FUNCTION__
    drv_usart.o(.text) refers to drv_usart.o(.bss) for serial1
    drv_usart.o(.text) refers to drv_usart.o(.data) for uart1
    drv_usart.o(.constdata) refers to drv_usart.o(.text) for stm32_configure
    drv_usart.o(.rti_fn.1) refers to drv_usart.o(.text) for rt_hw_usart_init
    system_stm32f1xx.o(.text) refers to system_stm32f1xx.o(.data) for SystemCoreClock
    system_stm32f1xx.o(.text) refers to system_stm32f1xx.o(.constdata) for AHBPrescTable
    stm32f1xx_hal_gpio.o(.text) refers to drv_gpio.o(.text) for HAL_GPIO_EXTI_Callback
    stm32f1xx_hal_flash.o(.text) refers to stm32f1xx_hal.o(.text) for HAL_GetTick
    stm32f1xx_hal_flash.o(.text) refers to llushr.o(.text) for __aeabi_llsr
    stm32f1xx_hal_flash.o(.text) refers to stm32f1xx_hal_flash_ex.o(.text) for FLASH_PageErase
    stm32f1xx_hal_flash.o(.text) refers to stm32f1xx_hal_flash.o(.bss) for pFlash
    stm32f1xx_hal_flash.o(.text) refers to stm32f1xx_hal_cortex.o(.text) for HAL_NVIC_SystemReset
    stm32f1xx_hal_flash_ex.o(.text) refers to stm32f1xx_hal_flash.o(.text) for FLASH_WaitForLastOperation
    stm32f1xx_hal_flash_ex.o(.text) refers to stm32f1xx_hal_flash.o(.bss) for pFlash
    stm32f1xx_hal_dma.o(.text) refers to stm32f1xx_hal.o(.text) for HAL_GetTick
    stm32f1xx_hal_rcc.o(.text) refers to stm32f1xx_hal.o(.text) for HAL_GetTick
    stm32f1xx_hal_rcc.o(.text) refers to system_stm32f1xx.o(.data) for SystemCoreClock
    stm32f1xx_hal_rcc.o(.text) refers to stm32f1xx_hal_gpio.o(.text) for HAL_GPIO_Init
    stm32f1xx_hal_rcc.o(.text) refers to system_stm32f1xx.o(.constdata) for AHBPrescTable
    stm32f1xx_hal_rcc_ex.o(.text) refers to stm32f1xx_hal.o(.text) for HAL_GetTick
    stm32f1xx_hal_rcc_ex.o(.text) refers to stm32f1xx_hal_rcc.o(.text) for HAL_RCC_GetSysClockFreq
    stm32f1xx_hal_tim.o(.text) refers to stm32f1xx_hal_dma.o(.text) for HAL_DMA_Start_IT
    stm32f1xx_hal_tim.o(.text) refers to stm32f1xx_hal_tim_ex.o(.text) for HAL_TIMEx_BreakCallback
    stm32f1xx_hal_tim_ex.o(.text) refers to stm32f1xx_hal_tim.o(.text) for TIM_Base_SetConfig
    stm32f1xx_hal_tim_ex.o(.text) refers to stm32f1xx_hal_dma.o(.text) for HAL_DMA_Start_IT
    stm32f1xx_hal_uart.o(.text) refers to stm32f1xx_hal_rcc.o(.text) for HAL_RCC_GetPCLK2Freq
    stm32f1xx_hal_uart.o(.text) refers to drv_usart.o(.text) for HAL_UART_MspInit
    stm32f1xx_hal_uart.o(.text) refers to stm32f1xx_hal.o(.text) for HAL_GetTick
    stm32f1xx_hal_uart.o(.text) refers to stm32f1xx_hal_dma.o(.text) for HAL_DMA_Start_IT
[...]
    __ARM_use_no_argv                        0x00000000   Number         0  main.o ABSOLUTE
    __cpp_initialize__aeabi_                  - Undefined Weak Reference
    __cxa_finalize                            - Undefined Weak Reference
    _clock_init                               - Undefined Weak Reference
    _microlib_exit                            - Undefined Weak Reference
    __Vectors_Size                           0x00000130   Number         0  startup_stm32f103xe.o ABSOLUTE
    __Vectors                                0x08000000   Data           4  startup_stm32f103xe.o(RESET)
    __Vectors_End                            0x08000130   Data           0  startup_stm32f103xe.o(RESET)
    __main                                   0x08000131   Thumb Code     0  entry.o(.ARM.Collect$$$$00000000)
    _main_stk                                0x08000131   Thumb Code     0  entry2.o(.ARM.Collect$$$$00000001)
    _main_scatterload                        0x08000135   Thumb Code     0  entry5.o(.ARM.Collect$$$$00000004)
    __main_after_scatterload                 0x08000139   Thumb Code     0  entry5.o(.ARM.Collect$$$$00000004)
    _main_clock                              0x08000139   Thumb Code     0  entry7b.o(.ARM.Collect$$$$00000008)
    _main_cpp_init                           0x08000139   Thumb Code     0  entry8b.o(.ARM.Collect$$$$0000000A)
    _main_init                               0x08000139   Thumb Code     0  entry9a.o(.ARM.Collect$$$$0000000B)
    __rt_final_cpp                           0x08000141   Thumb Code     0  entry10a.o(.ARM.Collect$$$$0000000D)
    __rt_final_exit                          0x08000141   Thumb Code     0  entry11a.o(.ARM.Collect$$$$0000000F)
    $Super$$main                             0x08000145   Thumb Code    10  main.o(.text)
    led                                      0x0800014f   Thumb Code    72  main.o(.text)
    HAL_MspInit                              0x080001bd   Thumb Code   140  board.o(.text)
    SystemClock_Config                       0x08000249   Thumb Code   130  board.o(.text)
    SysTick_Handler                          0x080002cb   Thumb Code    20  board.o(.text)
    rt_hw_board_init                         0x080002df   Thumb Code    30  board.o(.text)
    NMI_Handler                              0x0800034d   Thumb Code     2  stm32f1xx_it.o(.text)
    MemManage_Handler                        0x0800034f   Thumb Code     4  stm32f1xx_it.o(.text)
    BusFault_Handler                         0x08000353   Thumb Code     4  stm32f1xx_it.o(.text)
    UsageFault_Handler                       0x08000357   Thumb Code     4  stm32f1xx_it.o(.text)
    DebugMon_Handler                         0x0800035b   Thumb Code     2  stm32f1xx_it.o(.text)
    get_pin                                  0x0800043d   Thumb Code    26  drv_gpio.o(.text)
    stm32_pin_write                          0x08000457   Thumb Code    40  drv_gpio.o(.text)
    stm32_pin_read                           0x0800047f   Thumb Code    42  drv_gpio.o(.text)
    stm32_pin_mode                           0x080004a9   Thumb Code   120  drv_gpio.o(.text)
    stm32_pin_attach_irq                     0x0800053f   Thumb Code   216  drv_gpio.o(.text)
    stm32_pin_dettach_irq                    0x08000617   Thumb Code   134  drv_gpio.o(.text)
    stm32_pin_irq_enable                     0x0800069d   Thumb Code   288  drv_gpio.o(.text)
    rt_hw_pin_init                           0x080007bd   Thumb Code    18  drv_gpio.o(.text)
    HAL_GPIO_EXTI_Callback                   0x080007cf   Thumb Code    54  drv_gpio.o(.text)
    EXTI0_IRQHandler                         0x08000805   Thumb Code    18  drv_gpio.o(.text)
    EXTI1_IRQHandler                         0x08000817   Thumb Code    18  drv_gpio.o(.text)
    EXTI2_IRQHandler                         0x08000829   Thumb Code    18  drv_gpio.o(.text)
    EXTI3_IRQHandler                         0x0800083b   Thumb Code    18  drv_gpio.o(.text)
    EXTI4_IRQHandler                         0x0800084d   Thumb Code    18  drv_gpio.o(.text)
    EXTI9_5_IRQHandler                       0x0800085f   Thumb Code    46  drv_gpio.o(.text)
    EXTI15_10_IRQHandler                     0x0800088d   Thumb Code    60  drv_gpio.o(.text)
    USART1_IRQHandler                        0x08000a93   Thumb Code    18  drv_usart.o(.text)
    rt_hw_usart_init                         0x08000ad7   Thumb Code    58  drv_usart.o(.text)
    HAL_UART_MspInit                         0x08000b11   Thumb Code   366  drv_usart.o(.text)
    HAL_UART_MspDeInit                       0x08000c7f   Thumb Code   280  drv_usart.o(.text)
    SystemInit                               0x08000da5   Thumb Code    70  system_stm32f1xx.o(.text)
    SystemCoreClockUpdate                    0x08000deb   Thumb Code   142  system_stm32f1xx.o(.text)
    HAL_GPIO_Init                            0x08000e99   Thumb Code   790  stm32f1xx_hal_gpio.o(.text)
    HAL_GPIO_DeInit                          0x080011af   Thumb Code   312  stm32f1xx_hal_gpio.o(.text)
    HAL_GPIO_ReadPin                         0x080012e7   Thumb Code    16  stm32f1xx_hal_gpio.o(.text)
    HAL_GPIO_WritePin                        0x080012f7   Thumb Code    12  stm32f1xx_hal_gpio.o(.text)
    HAL_GPIO_TogglePin                       0x08001303   Thumb Code     8  stm32f1xx_hal_gpio.o(.text)
    HAL_GPIO_LockPin                         0x0800130b   Thumb Code    46  stm32f1xx_hal_gpio.o(.text)
    HAL_GPIO_EXTI_IRQHandler                 0x0800133b   Thumb Code    28  stm32f1xx_hal_gpio.o(.text)
    HAL_DMA_Init                             0x08001381   Thumb Code   140  stm32f1xx_hal_dma.o(.text)
    HAL_DMA_DeInit                           0x0800140d   Thumb Code   124  stm32f1xx_hal_dma.o(.text)
    HAL_DMA_Start                            0x080014b5   Thumb Code   114  stm32f1xx_hal_dma.o(.text)
    HAL_DMA_Start_IT                         0x08001527   Thumb Code   156  stm32f1xx_hal_dma.o(.text)
    HAL_DMA_Abort                            0x080015c3   Thumb Code    58  stm32f1xx_hal_dma.o(.text)
    HAL_DMA_Abort_IT                         0x080015fd   Thumb Code   422  stm32f1xx_hal_dma.o(.text)
    HAL_DMA_PollForTransfer                  0x080017a3   Thumb Code  1614  stm32f1xx_hal_dma.o(.text)
    HAL_DMA_IRQHandler                       0x08001df1   Thumb Code   922  stm32f1xx_hal_dma.o(.text)
    HAL_DMA_RegisterCallback                 0x0800218b   Thumb Code    90  stm32f1xx_hal_dma.o(.text)
    HAL_DMA_UnRegisterCallback               0x080021e5   Thumb Code   106  stm32f1xx_hal_dma.o(.text)
    HAL_DMA_GetState                         0x0800224f   Thumb Code     8  stm32f1xx_hal_dma.o(.text)
    HAL_DMA_GetError                         0x08002257   Thumb Code     6  stm32f1xx_hal_dma.o(.text)
    HAL_NVIC_SetPriorityGrouping             0x08002285   Thumb Code    36  stm32f1xx_hal_cortex.o(.text)
    HAL_NVIC_SetPriority                     0x080022a9   Thumb Code   124  stm32f1xx_hal_cortex.o(.text)
    HAL_NVIC_EnableIRQ                       0x08002325   Thumb Code    26  stm32f1xx_hal_cortex.o(.text)
    HAL_NVIC_DisableIRQ                      0x0800233f   Thumb Code    22  stm32f1xx_hal_cortex.o(.text)
    HAL_NVIC_SystemReset                     0x08002355   Thumb Code    64  stm32f1xx_hal_cortex.o(.text)
    HAL_SYSTICK_Config                       0x08002395   Thumb Code    52  stm32f1xx_hal_cortex.o(.text)
    HAL_NVIC_GetPriorityGrouping             0x080023c9   Thumb Code     8  stm32f1xx_hal_cortex.o(.text)
    HAL_NVIC_GetPriority                     0x080023d1   Thumb Code   138  stm32f1xx_hal_cortex.o(.text)
    HAL_NVIC_SetPendingIRQ                   0x0800245b   Thumb Code    24  stm32f1xx_hal_cortex.o(.text)
    HAL_NVIC_GetPendingIRQ                   0x08002473   Thumb Code    38  stm32f1xx_hal_cortex.o(.text)
    HAL_NVIC_ClearPendingIRQ                 0x08002499   Thumb Code    22  stm32f1xx_hal_cortex.o(.text)
    HAL_NVIC_GetActive                       0x080024af   Thumb Code    38  stm32f1xx_hal_cortex.o(.text)
    HAL_SYSTICK_CLKSourceConfig              0x080024d5   Thumb Code    40  stm32f1xx_hal_cortex.o(.text)
    HAL_SYSTICK_Callback                     0x080024fd   Thumb Code     2  stm32f1xx_hal_cortex.o(.text)
    HAL_SYSTICK_IRQHandler                   0x080024ff   Thumb Code     8  stm32f1xx_hal_cortex.o(.text)
    HAL_RCC_DeInit                           0x08002529   Thumb Code    64  stm32f1xx_hal_rcc.o(.text)
    HAL_RCC_OscConfig                        0x0800258d   Thumb Code  1090  stm32f1xx_hal_rcc.o(.text)
    HAL_RCC_GetSysClockFreq                  0x080029cf   Thumb Code   118  stm32f1xx_hal_rcc.o(.text)
    HAL_RCC_ClockConfig                      0x08002a45   Thumb Code   402  stm32f1xx_hal_rcc.o(.text)
    HAL_RCC_MCOConfig                        0x08002bd7   Thumb Code    92  stm32f1xx_hal_rcc.o(.text)
    HAL_RCC_EnableCSS                        0x08002c33   Thumb Code     8  stm32f1xx_hal_rcc.o(.text)
    HAL_RCC_DisableCSS                       0x08002c3b   Thumb Code     8  stm32f1xx_hal_rcc.o(.text)
    HAL_RCC_GetHCLKFreq                      0x08002c43   Thumb Code     6  stm32f1xx_hal_rcc.o(.text)
    HAL_RCC_GetPCLK1Freq                     0x08002c49   Thumb Code    22  stm32f1xx_hal_rcc.o(.text)
    HAL_RCC_GetPCLK2Freq                     0x08002c5f   Thumb Code    22  stm32f1xx_hal_rcc.o(.text)
    HAL_RCC_GetOscConfig                     0x08002c75   Thumb Code   254  stm32f1xx_hal_rcc.o(.text)
    HAL_RCC_GetClockConfig                   0x08002d73   Thumb Code    58  stm32f1xx_hal_rcc.o(.text)
    HAL_RCC_CSSCallback                      0x08002dad   Thumb Code     2  stm32f1xx_hal_rcc.o(.text)
    HAL_RCC_NMI_IRQHandler                   0x08002daf   Thumb Code    26  stm32f1xx_hal_rcc.o(.text)
    HAL_UART_Init                            0x08002f95   Thumb Code   114  stm32f1xx_hal_uart.o(.text)
    HAL_HalfDuplex_Init                      0x08003007   Thumb Code   118  stm32f1xx_hal_uart.o(.text)
    HAL_LIN_Init                             0x0800307d   Thumb Code   134  stm32f1xx_hal_uart.o(.text)
    HAL_MultiProcessor_Init                  0x08003103   Thumb Code   138  stm32f1xx_hal_uart.o(.text)
    HAL_UART_DeInit                          0x0800318f   Thumb Code    46  stm32f1xx_hal_uart.o(.text)
    HAL_UART_Transmit                        0x0800322d   Thumb Code   214  stm32f1xx_hal_uart.o(.text)
    HAL_UART_Receive                         0x08003303   Thumb Code   222  stm32f1xx_hal_uart.o(.text)
    HAL_UART_Transmit_IT                     0x080033e1   Thumb Code    88  stm32f1xx_hal_uart.o(.text)
    HAL_UART_Receive_IT                      0x08003439   Thumb Code   112  stm32f1xx_hal_uart.o(.text)
    HAL_UART_ErrorCallback                   0x080034a9   Thumb Code     2  stm32f1xx_hal_uart.o(.text)
    HAL_UART_TxHalfCpltCallback              0x0800352f   Thumb Code     2  stm32f1xx_hal_uart.o(.text)
    HAL_UART_TxCpltCallback                  0x0800353f   Thumb Code     2  stm32f1xx_hal_uart.o(.text)
    HAL_UART_Transmit_DMA                    0x08003577   Thumb Code   142  stm32f1xx_hal_uart.o(.text)
    HAL_UART_RxHalfCpltCallback              0x08003605   Thumb Code     2  stm32f1xx_hal_uart.o(.text)
    HAL_UART_RxCpltCallback                  0x08003615   Thumb Code     2  stm32f1xx_hal_uart.o(.text)
    HAL_UART_Receive_DMA                     0x0800365d   Thumb Code   182  stm32f1xx_hal_uart.o(.text)
    HAL_UART_DMAPause                        0x08003713   Thumb Code   124  stm32f1xx_hal_uart.o(.text)
    HAL_UART_DMAResume                       0x0800378f   Thumb Code   126  stm32f1xx_hal_uart.o(.text)
    HAL_UART_DMAStop                         0x0800380d   Thumb Code   102  stm32f1xx_hal_uart.o(.text)
    HAL_UART_Abort                           0x08003873   Thumb Code   126  stm32f1xx_hal_uart.o(.text)
    HAL_UART_AbortTransmit                   0x080038f1   Thumb Code    68  stm32f1xx_hal_uart.o(.text)
    HAL_UART_AbortReceive                    0x08003935   Thumb Code    80  stm32f1xx_hal_uart.o(.text)
    HAL_UART_AbortCpltCallback               0x08003985   Thumb Code     2  stm32f1xx_hal_uart.o(.text)
    HAL_UART_Abort_IT                        0x08003a05   Thumb Code   208  stm32f1xx_hal_uart.o(.text)
    HAL_UART_AbortTransmitCpltCallback       0x08003ad5   Thumb Code     2  stm32f1xx_hal_uart.o(.text)
    HAL_UART_AbortTransmit_IT                0x08003aef   Thumb Code   102  stm32f1xx_hal_uart.o(.text)
    HAL_UART_AbortReceiveCpltCallback        0x08003b55   Thumb Code     2  stm32f1xx_hal_uart.o(.text)
    HAL_UART_AbortReceive_IT                 0x08003b6f   Thumb Code   114  stm32f1xx_hal_uart.o(.text)
    HAL_UART_IRQHandler                      0x08003d23   Thumb Code   348  stm32f1xx_hal_uart.o(.text)
    HAL_LIN_SendBreak                        0x08003e7f   Thumb Code    62  stm32f1xx_hal_uart.o(.text)
    HAL_MultiProcessor_EnterMuteMode         0x08003ebd   Thumb Code    62  stm32f1xx_hal_uart.o(.text)
    HAL_MultiProcessor_ExitMuteMode          0x08003efb   Thumb Code    62  stm32f1xx_hal_uart.o(.text)
    HAL_HalfDuplex_EnableTransmitter         0x08003f39   Thumb Code    68  stm32f1xx_hal_uart.o(.text)
    HAL_HalfDuplex_EnableReceiver            0x08003f7d   Thumb Code    68  stm32f1xx_hal_uart.o(.text)
    HAL_UART_GetState                        0x08003fc1   Thumb Code    20  stm32f1xx_hal_uart.o(.text)
    HAL_UART_GetError                        0x08003fd5   Thumb Code     6  stm32f1xx_hal_uart.o(.text)
    HAL_InitTick                             0x08003fdf   Thumb Code    36  stm32f1xx_hal.o(.text)
    HAL_Init                                 0x08004003   Thumb Code    34  stm32f1xx_hal.o(.text)
    HAL_MspDeInit                            0x08004025   Thumb Code     2  stm32f1xx_hal.o(.text)
    HAL_DeInit                               0x08004027   Thumb Code    30  stm32f1xx_hal.o(.text)
    HAL_IncTick                              0x08004045   Thumb Code    12  stm32f1xx_hal.o(.text)
    HAL_GetTick                              0x08004051   Thumb Code     6  stm32f1xx_hal.o(.text)
    HAL_Delay                                0x08004057   Thumb Code    30  stm32f1xx_hal.o(.text)
    HAL_SuspendTick                          0x08004075   Thumb Code    18  stm32f1xx_hal.o(.text)
    HAL_ResumeTick                           0x08004087   Thumb Code    18  stm32f1xx_hal.o(.text)
    HAL_GetHalVersion                        0x08004099   Thumb Code     4  stm32f1xx_hal.o(.text)
    HAL_GetREVID                             0x0800409d   Thumb Code     8  stm32f1xx_hal.o(.text)
    HAL_GetDEVID                             0x080040a5   Thumb Code    10  stm32f1xx_hal.o(.text)
    HAL_DBGMCU_EnableDBGSleepMode            0x080040af   Thumb Code    14  stm32f1xx_hal.o(.text)
    HAL_DBGMCU_DisableDBGSleepMode           0x080040bd   Thumb Code    14  stm32f1xx_hal.o(.text)
    HAL_DBGMCU_EnableDBGStopMode             0x080040cb   Thumb Code    14  stm32f1xx_hal.o(.text)
    HAL_DBGMCU_DisableDBGStopMode            0x080040d9   Thumb Code    14  stm32f1xx_hal.o(.text)
    HAL_DBGMCU_EnableDBGStandbyMode          0x080040e7   Thumb Code    14  stm32f1xx_hal.o(.text)
    HAL_DBGMCU_DisableDBGStandbyMode         0x080040f5   Thumb Code    14  stm32f1xx_hal.o(.text)
    HAL_GetUID                               0x08004103   Thumb Code    24  stm32f1xx_hal.o(.text)
    Reset_Handler                            0x08004139   Thumb Code     8  startup_stm32f103xe.o(.text)
    SVC_Handler                              0x0800414b   Thumb Code     2  startup_stm32f103xe.o(.text)
    ADC1_2_IRQHandler                        0x08004153   Thumb Code     0  startup_stm32f103xe.o(.text)
    ADC3_IRQHandler                          0x08004153   Thumb Code     0  startup_stm32f103xe.o(.text)
    CAN1_RX1_IRQHandler                      0x08004153   Thumb Code     0  startup_stm32f103xe.o(.text)
    CAN1_SCE_IRQHandler                      0x08004153   Thumb Code     0  startup_stm32f103xe.o(.text)
    DMA1_Channel1_IRQHandler                 0x08004153   Thumb Code     0  startup_stm32f103xe.o(.text)
    DMA1_Channel2_IRQHandler                 0x08004153   Thumb Code     0  startup_stm32f103xe.o(.text)
    DMA1_Channel3_IRQHandler                 0x08004153   Thumb Code     0  startup_stm32f103xe.o(.text)
    DMA1_Channel4_IRQHandler                 0x08004153   Thumb Code     0  startup_stm32f103xe.o(.text)
    DMA1_Channel5_IRQHandler                 0x08004153   Thumb Code     0  startup_stm32f103xe.o(.text)
    DMA1_Channel6_IRQHandler                 0x08004153   Thumb Code     0  startup_stm32f103xe.o(.text)
    DMA1_Channel7_IRQHandler                 0x08004153   Thumb Code     0  startup_stm32f103xe.o(.text)
    DMA2_Channel1_IRQHandler                 0x08004153   Thumb Code     0  startup_stm32f103xe.o(.text)
    DMA2_Channel2_IRQHandler                 0x08004153   Thumb Code     0  startup_stm32f103xe.o(.text)
    DMA2_Channel3_IRQHandler                 0x08004153   Thumb Code     0  startup_stm32f103xe.o(.text)
    DMA2_Channel4_5_IRQHandler               0x08004153   Thumb Code     0  startup_stm32f103xe.o(.text)
    FLASH_IRQHandler                         0x08004153   Thumb Code     0  startup_stm32f103xe.o(.text)
    FSMC_IRQHandler                          0x08004153   Thumb Code     0  startup_stm32f103xe.o(.text)
    I2C1_ER_IRQHandler                       0x08004153   Thumb Code     0  startup_stm32f103xe.o(.text)
    I2C1_EV_IRQHandler                       0x08004153   Thumb Code     0  startup_stm32f103xe.o(.text)
    I2C2_ER_IRQHandler                       0x08004153   Thumb Code     0  startup_stm32f103xe.o(.text)
    I2C2_EV_IRQHandler                       0x08004153   Thumb Code     0  startup_stm32f103xe.o(.text)
    PVD_IRQHandler                           0x08004153   Thumb Code     0  startup_stm32f103xe.o(.text)
    RCC_IRQHandler                           0x08004153   Thumb Code     0  startup_stm32f103xe.o(.text)
    RTC_Alarm_IRQHandler                     0x08004153   Thumb Code     0  startup_stm32f103xe.o(.text)
    RTC_IRQHandler                           0x08004153   Thumb Code     0  startup_stm32f103xe.o(.text)
    SDIO_IRQHandler                          0x08004153   Thumb Code     0  startup_stm32f103xe.o(.text)
    SPI1_IRQHandler                          0x08004153   Thumb Code     0  startup_stm32f103xe.o(.text)
    SPI2_IRQHandler                          0x08004153   Thumb Code     0  startup_stm32f103xe.o(.text)
    SPI3_IRQHandler                          0x08004153   Thumb Code     0  startup_stm32f103xe.o(.text)
    TAMPER_IRQHandler                        0x08004153   Thumb Code     0  startup_stm32f103xe.o(.text)
    TIM1_BRK_IRQHandler                      0x08004153   Thumb Code     0  startup_stm32f103xe.o(.text)
    TIM1_CC_IRQHandler                       0x08004153   Thumb Code     0  startup_stm32f103xe.o(.text)
    TIM1_TRG_COM_IRQHandler                  0x08004153   Thumb Code     0  startup_stm32f103xe.o(.text)
    TIM1_UP_IRQHandler                       0x08004153   Thumb Code     0  startup_stm32f103xe.o(.text)
    TIM2_IRQHandler                          0x08004153   Thumb Code     0  startup_stm32f103xe.o(.text)
    TIM3_IRQHandler                          0x08004153   Thumb Code     0  startup_stm32f103xe.o(.text)
    TIM4_IRQHandler                          0x08004153   Thumb Code     0  startup_stm32f103xe.o(.text)
    TIM5_IRQHandler                          0x08004153   Thumb Code     0  startup_stm32f103xe.o(.text)
    TIM6_IRQHandler                          0x08004153   Thumb Code     0  startup_stm32f103xe.o(.text)
    TIM7_IRQHandler                          0x08004153   Thumb Code     0  startup_stm32f103xe.o(.text)
    TIM8_BRK_IRQHandler                      0x08004153   Thumb Code     0  startup_stm32f103xe.o(.text)
    TIM8_CC_IRQHandler                       0x08004153   Thumb Code     0  startup_stm32f103xe.o(.text)
    TIM8_TRG_COM_IRQHandler                  0x08004153   Thumb Code     0  startup_stm32f103xe.o(.text)
    TIM8_UP_IRQHandler                       0x08004153   Thumb Code     0  startup_stm32f103xe.o(.text)
    UART4_IRQHandler                         0x08004153   Thumb Code     0  startup_stm32f103xe.o(.text)
    UART5_IRQHandler                         0x08004153   Thumb Code     0  startup_stm32f103xe.o(.text)
    USART2_IRQHandler                        0x08004153   Thumb Code     0  startup_stm32f103xe.o(.text)
    USART3_IRQHandler                        0x08004153   Thumb Code     0  startup_stm32f103xe.o(.text)
    USBWakeUp_IRQHandler                     0x08004153   Thumb Code     0  startup_stm32f103xe.o(.text)
    USB_HP_CAN1_TX_IRQHandler                0x08004153   Thumb Code     0  startup_stm32f103xe.o(.text)
    USB_LP_CAN1_RX0_IRQHandler               0x08004153   Thumb Code     0  startup_stm32f103xe.o(.text)
    WWDG_IRQHandler                          0x08004153   Thumb Code     0  startup_stm32f103xe.o(.text)
    rt_system_tick_init                      0x0800415d   Thumb Code     2  clock.o(.text)
    rt_tick_get                              0x0800415f   Thumb Code     6  clock.o(.text)
    rt_tick_set                              0x08004165   Thumb Code    22  clock.o(.text)
    rt_tick_increase                         0x0800417b   Thumb Code    42  clock.o(.text)
    rt_tick_from_millisecond                 0x080041a5   Thumb Code    30  clock.o(.text)
    rt_components_board_init                 0x080041d9   Thumb Code    20  components.o(.text)
    rt_components_init                       0x080041ed   Thumb Code    20  components.o(.text)
    main_thread_entry                        0x08004201   Thumb Code    14  components.o(.text)
    rt_application_init                      0x0800420f   Thumb Code    48  components.o(.text)
    rtthread_startup                         0x0800423f   Thumb Code    46  components.o(.text)
    main                                     0x0800426d   Thumb Code    14  components.o(.text)
    rt_device_find                           0x080042a5   Thumb Code    94  device.o(.text)
    rt_device_register                       0x08004303   Thumb Code    52  device.o(.text)
    rt_device_unregister                     0x08004337   Thumb Code    64  device.o(.text)
    rt_device_init_all                       0x08004377   Thumb Code     4  device.o(.text)
    rt_device_create                         0x0800437b   Thumb Code    46  device.o(.text)
    rt_device_destroy                        0x080043a9   Thumb Code    68  device.o(.text)
    rt_device_init                           0x080043ed   Thumb Code    64  device.o(.text)
    rt_device_open                           0x0800442d   Thumb Code   174  device.o(.text)
    rt_device_close                          0x080044db   Thumb Code    92  device.o(.text)
    rt_device_read                           0x08004537   Thumb Code    98  device.o(.text)
    rt_device_write                          0x08004599   Thumb Code    98  device.o(.text)
    rt_device_control                        0x080045fb   Thumb Code    66  device.o(.text)
    rt_device_set_rx_indicate                0x0800463d   Thumb Code    48  device.o(.text)
    rt_device_set_tx_complete                0x0800466d   Thumb Code   360  device.o(.text)
    rt_thread_idle_sethook                   0x080047d5   Thumb Code    58  idle.o(.text)
    rt_thread_idle_delhook                   0x0800480f   Thumb Code    62  idle.o(.text)
    rt_thread_idle_excute                    0x0800484d   Thumb Code   178  idle.o(.text)
    rt_thread_idle_init                      0x08004921   Thumb Code    38  idle.o(.text)
    rt_thread_idle_gethandler                0x08004947   Thumb Code     4  idle.o(.text)
    rt_sem_init                              0x08004a55   Thumb Code    50  ipc.o(.text)
    rt_sem_detach                            0x08004a87   Thumb Code    72  ipc.o(.text)
    rt_sem_create                            0x08004acf   Thumb Code    84  ipc.o(.text)
    rt_sem_delete                            0x08004b23   Thumb Code   120  ipc.o(.text)
    rt_sem_take                              0x08004b9b   Thumb Code   288  ipc.o(.text)
    rt_sem_trytake                           0x08004cbb   Thumb Code    14  ipc.o(.text)
    rt_sem_release                           0x08004cc9   Thumb Code   116  ipc.o(.text)
    rt_sem_control                           0x08004d3d   Thumb Code    90  ipc.o(.text)
    rt_mutex_init                            0x08004d97   Thumb Code    58  ipc.o(.text)
    rt_mutex_detach                          0x08004dd1   Thumb Code    78  ipc.o(.text)
    rt_mutex_create                          0x08004e1f   Thumb Code   454  ipc.o(.text)
    rt_mutex_delete                          0x08004fe5   Thumb Code   126  ipc.o(.text)
    rt_mutex_take                            0x08005063   Thumb Code   374  ipc.o(.text)
    rt_mutex_release                         0x080051d9   Thumb Code   310  ipc.o(.text)
    rt_mutex_control                         0x0800530f   Thumb Code    52  ipc.o(.text)
    rt_event_init                            0x08005343   Thumb Code    46  ipc.o(.text)
    rt_event_detach                          0x08005371   Thumb Code    78  ipc.o(.text)
    rt_event_create                          0x080053bf   Thumb Code   276  ipc.o(.text)
    rt_event_delete                          0x080054d3   Thumb Code   126  ipc.o(.text)
    rt_event_send                            0x08005551   Thumb Code   234  ipc.o(.text)
    rt_event_recv                            0x0800563b   Thumb Code   402  ipc.o(.text)
    rt_event_control                         0x080057cd   Thumb Code    92  ipc.o(.text)
    rt_mb_init                               0x08005829   Thumb Code    76  ipc.o(.text)
    rt_mb_detach                             0x08005875   Thumb Code   216  ipc.o(.text)
    rt_mb_create                             0x0800594d   Thumb Code   128  ipc.o(.text)
    rt_mb_delete                             0x080059cd   Thumb Code   140  ipc.o(.text)
    rt_mb_send_wait                          0x08005a59   Thumb Code   400  ipc.o(.text)
    rt_mb_send                               0x08005be9   Thumb Code    18  ipc.o(.text)
    rt_mb_recv                               0x08005bfb   Thumb Code   576  ipc.o(.text)
    rt_mb_control                            0x08005e3b   Thumb Code   104  ipc.o(.text)
    rt_mq_init                               0x08005ea3   Thumb Code   118  ipc.o(.text)
    rt_mq_detach                             0x08005f19   Thumb Code    78  ipc.o(.text)
    rt_mq_delete                             0x08005f67   Thumb Code   126  ipc.o(.text)
    rt_mq_create                             0x08005fe5   Thumb Code   170  ipc.o(.text)
    rt_mq_send                               0x0800608f   Thumb Code   222  ipc.o(.text)
    rt_mq_urgent                             0x0800616d   Thumb Code   426  ipc.o(.text)
    rt_mq_recv                               0x08006317   Thumb Code   458  ipc.o(.text)
    rt_mq_control                            0x080064e1   Thumb Code   120  ipc.o(.text)
    rt_interrupt_enter_sethook               0x080065b1   Thumb Code     6  irq.o(.text)
    rt_interrupt_leave_sethook               0x080065b7   Thumb Code     6  irq.o(.text)
    rt_interrupt_enter                       0x080065bd   Thumb Code    46  irq.o(.text)
    rt_interrupt_leave                       0x080065eb   Thumb Code    46  irq.o(.text)
    rt_interrupt_get_nest                    0x08006619   Thumb Code     6  irq.o(.text)
    rt_get_errno                             0x0800662d   Thumb Code    32  kservice.o(.text)
    rt_set_errno                             0x0800664d   Thumb Code    36  kservice.o(.text)
    _rt_errno                                0x08006671   Thumb Code    30  kservice.o(.text)
    rt_memset                                0x0800668f   Thumb Code    72  kservice.o(.text)
    rt_memcpy                                0x080066d7   Thumb Code   124  kservice.o(.text)
    rt_memmove                               0x08006753   Thumb Code    66  kservice.o(.text)
    rt_memcmp                                0x08006795   Thumb Code    38  kservice.o(.text)
    rt_strlen                                0x080067bb   Thumb Code    18  kservice.o(.text)
    rt_strstr                                0x080067cd   Thumb Code    58  kservice.o(.text)
    rt_strcasecmp                            0x08006807   Thumb Code    48  kservice.o(.text)
    rt_strncpy                               0x08006837   Thumb Code    52  kservice.o(.text)
    rt_strncmp                               0x0800686b   Thumb Code    40  kservice.o(.text)
    rt_strcmp                                0x08006893   Thumb Code    28  kservice.o(.text)
    rt_strnlen                               0x080068af   Thumb Code    24  kservice.o(.text)
    rt_strdup                                0x080068c7   Thumb Code    40  kservice.o(.text)
    strdup                                   0x080068c7   Thumb Code     0  kservice.o(.text)
    rt_hw_console_output                     0x080068ef   Thumb Code     2  kservice.o(.text)
    rt_vsnprintf                             0x08006aa7   Thumb Code   800  kservice.o(.text)
    rt_kprintf                               0x08006dc7   Thumb Code    96  kservice.o(.text)
    rt_show_version                          0x08006e27   Thumb Code    38  kservice.o(.text)
    rt_snprintf                              0x08006e4d   Thumb Code    38  kservice.o(.text)
    rt_vsprintf                              0x08006e73   Thumb Code    22  kservice.o(.text)
    rt_sprintf                               0x08006e89   Thumb Code    34  kservice.o(.text)
    rt_console_get_device                    0x08006eab   Thumb Code     6  kservice.o(.text)
    rt_console_set_device                    0x08006eb1   Thumb Code    48  kservice.o(.text)
    rt_kputs                                 0x08006ee1   Thumb Code    78  kservice.o(.text)
    rt_malloc_align                          0x08006f2f   Thumb Code    66  kservice.o(.text)
    rt_free_align                            0x08006f71   Thumb Code    16  kservice.o(.text)
    __rt_ffs                                 0x08006f81   Thumb Code    70  kservice.o(.text)
    rt_assert_set_hook                       0x08006fc7   Thumb Code     6  kservice.o(.text)
    rt_assert_handler                        0x08006fcd   Thumb Code    56  kservice.o(.text)
    rt_malloc_sethook                        0x080070dd   Thumb Code     6  mem.o(.text)
    rt_free_sethook                          0x080070e3   Thumb Code     6  mem.o(.text)
    rt_system_heap_init                      0x08007189   Thumb Code   204  mem.o(.text)
    rt_malloc                                0x08007255   Thumb Code   522  mem.o(.text)
    rt_free                                  0x0800745f   Thumb Code   688  mem.o(.text)
    rt_realloc                               0x0800770f   Thumb Code   324  mem.o(.text)
    rt_calloc                                0x08007853   Thumb Code    84  mem.o(.text)
    rt_memory_info                           0x080078a7   Thumb Code    26  mem.o(.text)
    list_mem                                 0x080078c1   Thumb Code    34  mem.o(.text)
    rt_mp_alloc_sethook                      0x080079d1   Thumb Code     6  mempool.o(.text)
    rt_mp_free_sethook                       0x080079d7   Thumb Code     6  mempool.o(.text)
    rt_mp_init                               0x080079dd   Thumb Code   128  mempool.o(.text)
    rt_mp_detach                             0x08007a5d   Thumb Code   114  mempool.o(.text)
    rt_mp_create                             0x08007acf   Thumb Code   174  mempool.o(.text)
    rt_mp_delete                             0x08007b7d   Thumb Code   172  mempool.o(.text)
    rt_mp_alloc                              0x08007c29   Thumb Code   278  mempool.o(.text)
    rt_mp_free                               0x08007d3f   Thumb Code    98  mempool.o(.text)
    rt_object_attach_sethook                 0x08007ee1   Thumb Code     6  object.o(.text)
    rt_object_detach_sethook                 0x08007ee7   Thumb Code     6  object.o(.text)
    rt_object_trytake_sethook                0x08007eed   Thumb Code     6  object.o(.text)
    rt_object_take_sethook                   0x08007ef3   Thumb Code     6  object.o(.text)
    rt_object_put_sethook                    0x08007ef9   Thumb Code     6  object.o(.text)
    rt_system_object_init                    0x08007eff   Thumb Code     2  object.o(.text)
    rt_object_get_information                0x08007f01   Thumb Code    36  object.o(.text)
    rt_object_init                           0x08007f25   Thumb Code    92  object.o(.text)
    rt_object_detach                         0x08007f81   Thumb Code    62  object.o(.text)
    rt_object_allocate                       0x08007fbf   Thumb Code   158  object.o(.text)
    rt_object_delete                         0x0800805d   Thumb Code    88  object.o(.text)
    rt_object_is_systemobject                0x080080b5   Thumb Code    34  object.o(.text)
    rt_object_get_type                       0x080080d7   Thumb Code    26  object.o(.text)
    rt_object_find                           0x080080f1   Thumb Code   142  object.o(.text)
    rt_scheduler_sethook                     0x08008239   Thumb Code     6  scheduler.o(.text)
    rt_system_scheduler_init                 0x08008299   Thumb Code    56  scheduler.o(.text)
    rt_system_scheduler_start                0x080082d1   Thumb Code    36  scheduler.o(.text)
    rt_schedule                              0x080082f5   Thumb Code   160  scheduler.o(.text)
    rt_schedule_insert_thread                0x08008395   Thumb Code    90  scheduler.o(.text)
    rt_schedule_remove_thread                0x080083ef   Thumb Code    94  scheduler.o(.text)
    rt_enter_critical                        0x0800844d   Thumb Code    28  scheduler.o(.text)
    rt_exit_critical                         0x08008469   Thumb Code    54  scheduler.o(.text)
    rt_critical_level                        0x0800849f   Thumb Code     8  scheduler.o(.text)
    rt_thread_handle_sig                     0x08008543   Thumb Code   156  signal.o(.text)
    rt_thread_alloc_sig                      0x080086b1   Thumb Code    62  signal.o(.text)
    rt_signal_install                        0x080086ef   Thumb Code    98  signal.o(.text)
    rt_signal_mask                           0x08008751   Thumb Code    34  signal.o(.text)
    rt_signal_unmask                         0x08008773   Thumb Code    56  signal.o(.text)
    rt_signal_wait                           0x080087ab   Thumb Code   346  signal.o(.text)
    rt_thread_free_sig                       0x08008905   Thumb Code    66  signal.o(.text)
    rt_thread_kill                           0x08008947   Thumb Code   236  signal.o(.text)
    rt_system_signal_init                    0x08008a33   Thumb Code    38  signal.o(.text)
    rt_timer_timeout_sethook                 0x08008b13   Thumb Code     6  timer.o(.text)
    rt_timer_init                            0x08008ba5   Thumb Code    58  timer.o(.text)
    rt_timer_detach                          0x08008bdf   Thumb Code    82  timer.o(.text)
    rt_timer_create                          0x08008c31   Thumb Code    54  timer.o(.text)
    rt_timer_delete                          0x08008c67   Thumb Code    88  timer.o(.text)
    rt_timer_start                           0x08008cbf   Thumb Code   314  timer.o(.text)
    rt_timer_stop                            0x08008df9   Thumb Code   102  timer.o(.text)
    rt_timer_control                         0x08008e5f   Thumb Code    98  timer.o(.text)
    rt_timer_check                           0x08008ec1   Thumb Code   416  timer.o(.text)
    rt_timer_next_timeout_tick               0x08009061   Thumb Code    10  timer.o(.text)
    rt_system_timer_init                     0x0800906b   Thumb Code    24  timer.o(.text)
    rt_system_timer_thread_init              0x08009083   Thumb Code     2  timer.o(.text)
    rt_thread_suspend_sethook                0x080090c1   Thumb Code     6  thread.o(.text)
    rt_thread_resume_sethook                 0x080090c7   Thumb Code     6  thread.o(.text)
    rt_thread_inited_sethook                 0x080090cd   Thumb Code     6  thread.o(.text)
    rt_thread_exit                           0x080090d3   Thumb Code    78  thread.o(.text)
    rt_thread_timeout                        0x08009121   Thumb Code    90  thread.o(.text)
    rt_thread_init                           0x08009227   Thumb Code    74  thread.o(.text)
    rt_thread_self                           0x08009271   Thumb Code     6  thread.o(.text)
    rt_thread_resume                         0x08009277   Thumb Code   120  thread.o(.text)
    rt_thread_startup                        0x080092ef   Thumb Code   108  thread.o(.text)
    rt_thread_detach                         0x0800935b   Thumb Code   126  thread.o(.text)
    rt_thread_create                         0x080093d9   Thumb Code    80  thread.o(.text)
    rt_thread_delete                         0x08009429   Thumb Code   114  thread.o(.text)
    rt_thread_yield                          0x0800949b   Thumb Code   454  thread.o(.text)
    rt_thread_suspend                        0x08009661   Thumb Code   130  thread.o(.text)
    rt_thread_sleep                          0x080096e3   Thumb Code    98  thread.o(.text)
    rt_thread_delay                          0x08009745   Thumb Code    12  thread.o(.text)
    rt_thread_mdelay                         0x08009751   Thumb Code    20  thread.o(.text)
    rt_thread_control                        0x08009765   Thumb Code   154  thread.o(.text)
    rt_thread_find                           0x080097ff   Thumb Code    96  thread.o(.text)
    rt_hw_stack_init                         0x08009899   Thumb Code    70  cpuport.o(.text)
    rt_hw_exception_install                  0x080098df   Thumb Code     6  cpuport.o(.text)
    rt_hw_hard_fault_exception               0x08009ac3   Thumb Code   198  cpuport.o(.text)
    rt_hw_cpu_shutdown                       0x08009b89   Thumb Code    22  cpuport.o(.text)
    rt_hw_interrupt_disable                  0x08009e6d   Thumb Code     8  context_rvds.o(.text)
    rt_hw_interrupt_enable                   0x08009e75   Thumb Code     6  context_rvds.o(.text)
    rt_hw_context_switch                     0x08009e7b   Thumb Code    32  context_rvds.o(.text)
    rt_hw_context_switch_interrupt           0x08009e7b   Thumb Code     0  context_rvds.o(.text)
    PendSV_Handler                           0x08009e9b   Thumb Code    60  context_rvds.o(.text)
    rt_hw_context_switch_to                  0x08009ed7   Thumb Code    58  context_rvds.o(.text)
    rt_hw_interrupt_thread_switch            0x08009f11   Thumb Code     2  context_rvds.o(.text)
    HardFault_Handler                        0x08009f13   Thumb Code    48  context_rvds.o(.text)
    rt_device_pin_register                   0x0800a00d   Thumb Code    56  pin.o(.text)
    rt_pin_attach_irq                        0x0800a045   Thumb Code    60  pin.o(.text)
    rt_pin_dettach_irq                       0x0800a081   Thumb Code    46  pin.o(.text)
    rt_pin_irq_enable                        0x0800a0af   Thumb Code    50  pin.o(.text)
    rt_pin_mode                              0x0800a0e1   Thumb Code    38  pin.o(.text)
    rt_pin_write                             0x0800a107   Thumb Code    38  pin.o(.text)
    rt_pin_read                              0x0800a12d   Thumb Code    34  pin.o(.text)
    rt_hw_serial_register                    0x0800a4a5   Thumb Code    80  serial.o(.text)
    rt_hw_serial_isr                         0x0800a4f5   Thumb Code   316  serial.o(.text)
    finsh_get_prompt                         0x0800a6dd   Thumb Code    38  shell.o(.text)
    finsh_set_device                         0x0800a761   Thumb Code   156  shell.o(.text)
    finsh_get_device                         0x0800a7fd   Thumb Code    28  shell.o(.text)
    finsh_set_echo                           0x0800a819   Thumb Code    30  shell.o(.text)
    finsh_get_echo                           0x0800a837   Thumb Code    32  shell.o(.text)
    finsh_thread_entry                       0x0800a979   Thumb Code  1358  shell.o(.text)
    finsh_system_function_init               0x0800aec7   Thumb Code    10  shell.o(.text)
    finsh_system_var_init                    0x0800aed1   Thumb Code    10  shell.o(.text)
    finsh_system_init                        0x0800aedb   Thumb Code    96  shell.o(.text)
    hello                                    0x0800afad   Thumb Code    12  cmd.o(.text)
    version                                  0x0800afb9   Thumb Code    10  cmd.o(.text)
    list_thread                              0x0800b0cb   Thumb Code    18  cmd.o(.text)
    list_sem                                 0x0800b193   Thumb Code    18  cmd.o(.text)
    list_event                               0x0800b227   Thumb Code    18  cmd.o(.text)
    list_mutex                               0x0800b299   Thumb Code    18  cmd.o(.text)
    list_mailbox                             0x0800b341   Thumb Code    18  cmd.o(.text)
    list_msgqueue                            0x0800b6ab   Thumb Code    18  cmd.o(.text)
    list_memheap                             0x0800b711   Thumb Code    18  cmd.o(.text)
    list_mempool                             0x0800b7ad   Thumb Code    18  cmd.o(.text)
    list_timer                               0x0800b833   Thumb Code    18  cmd.o(.text)
    list_device                              0x0800b8b3   Thumb Code    18  cmd.o(.text)
    list                                     0x0800b8c5   Thumb Code    54  cmd.o(.text)
    msh_is_used                              0x0800bb95   Thumb Code     4  msh.o(.text)
    msh_help                                 0x0800bb99   Thumb Code    66  msh.o(.text)
    msh_exec                                 0x0800bd79   Thumb Code    82  msh.o(.text)
    msh_auto_complete                        0x0800bdeb   Thumb Code   138  msh.o(.text)
    cmd_ps                                   0x0800befd   Thumb Code    14  msh_cmd.o(.text)
    cmd_time                                 0x0800bf0b   Thumb Code     6  msh_cmd.o(.text)
    cmd_free                                 0x0800bf11   Thumb Code    14  msh_cmd.o(.text)
    thread1_entry                            0x0800bf21   Thumb Code    76  dynmem_sample.o(.text)
    dynmem_sample                            0x0800bf6d   Thumb Code    40  dynmem_sample.o(.text)
    event_sample                             0x0800c085   Thumb Code   104  event_sample.o(.text)
    idle_hook_sample                         0x0800c271   Thumb Code    52  idlehook_sample.o(.text)
    thread_entry                             0x0800c32d   Thumb Code    52  interrupt_sample.o(.text)
    interrupt_sample                         0x0800c361   Thumb Code    74  interrupt_sample.o(.text)
    mailbox_sample                           0x0800c45b   Thumb Code   112  mailbox_sample.o(.text)
    mempool_sample                           0x0800c5e9   Thumb Code   122  memp_sample.o(.text)
    msgq_sample                              0x0800c797   Thumb Code   118  msgq_sample.o(.text)
    mutex_sample                             0x0800c9c7   Thumb Code   108  mutex_sample.o(.text)
    pri_inversion                            0x0800cbc3   Thumb Code   156  priority_inversion.o(.text)
    producer_thread_entry                    0x0800cd39   Thumb Code   120  producer_consumer.o(.text)
    consumer_thread_entry                    0x0800cdb1   Thumb Code   156  producer_consumer.o(.text)
    producer_consumer                        0x0800ce4d   Thumb Code   162  producer_consumer.o(.text)
    scheduler_hook                           0x0800d03b   Thumb Code    92  scheduler_hook.o(.text)
    semaphore_sample                         0x0800d167   Thumb Code   118  semaphore_sample.o(.text)
    thread1_signal_handler                   0x0800d2e5   Thumb Code    14  signal_sample.o(.text)
    signal_sample                            0x0800d321   Thumb Code    64  signal_sample.o(.text)
    thread_sample                            0x0800d3d9   Thumb Code    84  thread_sample.o(.text)
    led_test                                 0x0800d455   Thumb Code    70  thread_sample.o(.text)
    timer_sample                             0x0800d53b   Thumb Code    74  timer_sample.o(.text)
    timeslice_sample                         0x0800d631   Thumb Code    70  timeslice_sample.o(.text)
    __aeabi_memcpy                           0x0800d6b9   Thumb Code    36  memcpya.o(.text)
    __aeabi_memcpy4                          0x0800d6b9   Thumb Code     0  memcpya.o(.text)
    __aeabi_memcpy8                          0x0800d6b9   Thumb Code     0  memcpya.o(.text)
    __aeabi_memset                           0x0800d6dd   Thumb Code    14  memseta.o(.text)
    __aeabi_memset4                          0x0800d6dd   Thumb Code     0  memseta.o(.text)
    __aeabi_memset8                          0x0800d6dd   Thumb Code     0  memseta.o(.text)
    __aeabi_memclr                           0x0800d6eb   Thumb Code     4  memseta.o(.text)
    __aeabi_memclr4                          0x0800d6eb   Thumb Code     0  memseta.o(.text)
    __aeabi_memclr8                          0x0800d6eb   Thumb Code     0  memseta.o(.text)
    _memset$wrapper                          0x0800d6ef   Thumb Code    18  memseta.o(.text)
    strcat                                   0x0800d701   Thumb Code    24  strcat.o(.text)
    strlen                                   0x0800d719   Thumb Code    14  strlen.o(.text)
    memcmp                                   0x0800d727   Thumb Code    26  memcmp.o(.text)
    strcpy                                   0x0800d741   Thumb Code    18  strcpy.o(.text)
    strncmp                                  0x0800d753   Thumb Code    30  strncmp.o(.text)
    __scatterload                            0x0800d771   Thumb Code    28  init.o(.text)
    __scatterload_rt2                        0x0800d771   Thumb Code     0  init.o(.text)
    __decompress                             0x0800d795   Thumb Code     0  __dczerorl2.o(.text)
    __decompress1                            0x0800d795   Thumb Code    86  __dczerorl2.o(.text)
    __scatterload_copy                       0x0800d7eb   Thumb Code    14  handlers.o(i.__scatterload_copy)
    __scatterload_null                       0x0800d7f9   Thumb Code     2  handlers.o(i.__scatterload_null)
    __scatterload_zeroinit                   0x0800d7fb   Thumb Code    14  handlers.o(i.__scatterload_zeroinit)
    AHBPrescTable                            0x0800e1f3   Data          16  system_stm32f1xx.o(.constdata)
    APBPrescTable                            0x0800e203   Data           8  system_stm32f1xx.o(.constdata)
    __lowest_bit_bitmap                      0x0800e4f5   Data         256  kservice.o(.constdata)
    __fsym___cmd_led_name                    0x0800eef9   Data          10  main.o(.rodata.name)
    __fsym___cmd_led_desc                    0x0800ef03   Data          27  main.o(.rodata.name)
    __fsym_list_mem_name                     0x0800ef1e   Data           9  mem.o(.rodata.name)
    __fsym_list_mem_desc                     0x0800ef27   Data          30  mem.o(.rodata.name)
    __fsym_pinMode_name                      0x0800ef45   Data           8  pin.o(.rodata.name)
    __fsym_pinMode_desc                      0x0800ef4d   Data          22  pin.o(.rodata.name)
    __fsym_pinWrite_name                     0x0800ef63   Data           9  pin.o(.rodata.name)
    __fsym_pinWrite_desc                     0x0800ef6c   Data          28  pin.o(.rodata.name)
    __fsym_pinRead_name                      0x0800ef88   Data           8  pin.o(.rodata.name)
    __fsym_pinRead_desc                      0x0800ef90   Data          30  pin.o(.rodata.name)
    __fsym_hello_name                        0x0800efae   Data           6  cmd.o(.rodata.name)
    __fsym_hello_desc                        0x0800efb4   Data          16  cmd.o(.rodata.name)
    __fsym_version_name                      0x0800efc4   Data           8  cmd.o(.rodata.name)
    __fsym_version_desc                      0x0800efcc   Data          35  cmd.o(.rodata.name)
    __fsym___cmd_version_name                0x0800efef   Data          14  cmd.o(.rodata.name)
    __fsym___cmd_version_desc                0x0800effd   Data          35  cmd.o(.rodata.name)
    __fsym_list_thread_name                  0x0800f020   Data          12  cmd.o(.rodata.name)
    __fsym_list_thread_desc                  0x0800f02c   Data          12  cmd.o(.rodata.name)
    __fsym___cmd_list_thread_name            0x0800f038   Data          18  cmd.o(.rodata.name)
    __fsym___cmd_list_thread_desc            0x0800f04a   Data          12  cmd.o(.rodata.name)
    __fsym_list_sem_name                     0x0800f056   Data           9  cmd.o(.rodata.name)
    __fsym_list_sem_desc                     0x0800f05f   Data          25  cmd.o(.rodata.name)
    __fsym___cmd_list_sem_name               0x0800f078   Data          15  cmd.o(.rodata.name)
    __fsym___cmd_list_sem_desc               0x0800f087   Data          25  cmd.o(.rodata.name)
    __fsym_list_event_name                   0x0800f0a0   Data          11  cmd.o(.rodata.name)
    __fsym_list_event_desc                   0x0800f0ab   Data          21  cmd.o(.rodata.name)
    __fsym___cmd_list_event_name             0x0800f0c0   Data          17  cmd.o(.rodata.name)
    __fsym___cmd_list_event_desc             0x0800f0d1   Data          21  cmd.o(.rodata.name)
    __fsym_list_mutex_name                   0x0800f0e6   Data          11  cmd.o(.rodata.name)
    __fsym_list_mutex_desc                   0x0800f0f1   Data          21  cmd.o(.rodata.name)
    __fsym___cmd_list_mutex_name             0x0800f106   Data          17  cmd.o(.rodata.name)
    __fsym___cmd_list_mutex_desc             0x0800f117   Data          21  cmd.o(.rodata.name)
    __fsym_list_mailbox_name                 0x0800f12c   Data          13  cmd.o(.rodata.name)
    __fsym_list_mailbox_desc                 0x0800f139   Data          24  cmd.o(.rodata.name)
    __fsym___cmd_list_mailbox_name           0x0800f151   Data          19  cmd.o(.rodata.name)
    __fsym___cmd_list_mailbox_desc           0x0800f164   Data          24  cmd.o(.rodata.name)
    __fsym_list_msgqueue_name                0x0800f17c   Data          14  cmd.o(.rodata.name)
    __fsym_list_msgqueue_desc                0x0800f18a   Data          29  cmd.o(.rodata.name)
    __fsym___cmd_list_msgqueue_name          0x0800f1a7   Data          20  cmd.o(.rodata.name)
    __fsym___cmd_list_msgqueue_desc          0x0800f1bb   Data          29  cmd.o(.rodata.name)
    __fsym_list_memheap_name                 0x0800f1d8   Data          13  cmd.o(.rodata.name)
    __fsym_list_memheap_desc                 0x0800f1e5   Data          27  cmd.o(.rodata.name)
    __fsym___cmd_list_memheap_name           0x0800f200   Data          19  cmd.o(.rodata.name)
    __fsym___cmd_list_memheap_desc           0x0800f213   Data          27  cmd.o(.rodata.name)
    __fsym_list_mempool_name                 0x0800f22e   Data          13  cmd.o(.rodata.name)
    __fsym_list_mempool_desc                 0x0800f23b   Data          27  cmd.o(.rodata.name)
    __fsym___cmd_list_mempool_name           0x0800f256   Data          19  cmd.o(.rodata.name)
    __fsym___cmd_list_mempool_desc           0x0800f269   Data          27  cmd.o(.rodata.name)
    __fsym_list_timer_name                   0x0800f284   Data          11  cmd.o(.rodata.name)
    __fsym_list_timer_desc                   0x0800f28f   Data          21  cmd.o(.rodata.name)
    __fsym___cmd_list_timer_name             0x0800f2a4   Data          17  cmd.o(.rodata.name)
    __fsym___cmd_list_timer_desc             0x0800f2b5   Data          21  cmd.o(.rodata.name)
    __fsym_list_device_name                  0x0800f2ca   Data          12  cmd.o(.rodata.name)
    __fsym_list_device_desc                  0x0800f2d6   Data          22  cmd.o(.rodata.name)
    __fsym___cmd_list_device_name            0x0800f2ec   Data          18  cmd.o(.rodata.name)
    __fsym___cmd_list_device_desc            0x0800f2fe   Data          22  cmd.o(.rodata.name)
    __fsym_list_name                         0x0800f314   Data           5  cmd.o(.rodata.name)
    __fsym_list_desc                         0x0800f319   Data          26  cmd.o(.rodata.name)
    __fsym___cmd_help_name                   0x0800f333   Data          11  msh.o(.rodata.name)
    __fsym___cmd_help_desc                   0x0800f33e   Data          22  msh.o(.rodata.name)
    __fsym___cmd_ps_name                     0x0800f354   Data           9  msh_cmd.o(.rodata.name)
    __fsym___cmd_ps_desc                     0x0800f35d   Data          28  msh_cmd.o(.rodata.name)
    __fsym___cmd_time_name                   0x0800f379   Data          11  msh_cmd.o(.rodata.name)
    __fsym___cmd_time_desc                   0x0800f384   Data          27  msh_cmd.o(.rodata.name)
    __fsym___cmd_free_name                   0x0800f39f   Data          11  msh_cmd.o(.rodata.name)
    __fsym___cmd_free_desc                   0x0800f3aa   Data          37  msh_cmd.o(.rodata.name)
    __fsym___cmd_dynmem_sample_name          0x0800f3cf   Data          20  dynmem_sample.o(.rodata.name)
    __fsym___cmd_dynmem_sample_desc          0x0800f3e3   Data          14  dynmem_sample.o(.rodata.name)
    __fsym___cmd_event_sample_name           0x0800f3f1   Data          19  event_sample.o(.rodata.name)
    __fsym___cmd_event_sample_desc           0x0800f404   Data          13  event_sample.o(.rodata.name)
    __fsym___cmd_idle_hook_sample_name       0x0800f411   Data          23  idlehook_sample.o(.rodata.name)
    __fsym___cmd_idle_hook_sample_desc       0x0800f428   Data          17  idlehook_sample.o(.rodata.name)
    __fsym___cmd_interrupt_sample_name       0x0800f439   Data          23  interrupt_sample.o(.rodata.name)
    __fsym___cmd_interrupt_sample_desc       0x0800f450   Data          17  interrupt_sample.o(.rodata.name)
    __fsym___cmd_mailbox_sample_name         0x0800f461   Data          21  mailbox_sample.o(.rodata.name)
    __fsym___cmd_mailbox_sample_desc         0x0800f476   Data          15  mailbox_sample.o(.rodata.name)
    __fsym___cmd_mempool_sample_name         0x0800f485   Data          21  memp_sample.o(.rodata.name)
    __fsym___cmd_mempool_sample_desc         0x0800f49a   Data          15  memp_sample.o(.rodata.name)
    __fsym___cmd_msgq_sample_name            0x0800f4a9   Data          18  msgq_sample.o(.rodata.name)
    __fsym___cmd_msgq_sample_desc            0x0800f4bb   Data          12  msgq_sample.o(.rodata.name)
    __fsym___cmd_mutex_sample_name           0x0800f4c7   Data          19  mutex_sample.o(.rodata.name)
    __fsym___cmd_mutex_sample_desc           0x0800f4da   Data          13  mutex_sample.o(.rodata.name)
    __fsym___cmd_pri_inversion_name          0x0800f4e7   Data          20  priority_inversion.o(.rodata.name)
    __fsym___cmd_pri_inversion_desc          0x0800f4fb   Data          21  priority_inversion.o(.rodata.name)
    __fsym___cmd_producer_consumer_name      0x0800f510   Data          24  producer_consumer.o(.rodata.name)
    __fsym___cmd_producer_consumer_desc      0x0800f528   Data          25  producer_consumer.o(.rodata.name)
    __fsym___cmd_scheduler_hook_name         0x0800f541   Data          21  scheduler_hook.o(.rodata.name)
    __fsym___cmd_scheduler_hook_desc         0x0800f556   Data          22  scheduler_hook.o(.rodata.name)
    __fsym___cmd_semaphore_sample_name       0x0800f56c   Data          23  semaphore_sample.o(.rodata.name)
    __fsym___cmd_semaphore_sample_desc       0x0800f583   Data          17  semaphore_sample.o(.rodata.name)
    __fsym___cmd_signal_sample_name          0x0800f594   Data          20  signal_sample.o(.rodata.name)
    __fsym___cmd_signal_sample_desc          0x0800f5a8   Data          14  signal_sample.o(.rodata.name)
    __fsym___cmd_thread_sample_name          0x0800f5b6   Data          20  thread_sample.o(.rodata.name)
    __fsym___cmd_thread_sample_desc          0x0800f5ca   Data          14  thread_sample.o(.rodata.name)
    __fsym___cmd_timer_sample_name           0x0800f5d8   Data          19  timer_sample.o(.rodata.name)
    __fsym___cmd_timer_sample_desc           0x0800f5eb   Data          13  timer_sample.o(.rodata.name)
    __fsym___cmd_timeslice_sample_name       0x0800f5f8   Data          23  timeslice_sample.o(.rodata.name)
    __fsym___cmd_timeslice_sample_desc       0x0800f60f   Data          17  timeslice_sample.o(.rodata.name)
    __rt_init_rti_start                      0x0800f620   Data           4  components.o(.rti_fn.0)
    __rt_init_rti_board_start                0x0800f624   Data           4  components.o(.rti_fn.0.end)
    __rt_init_rt_hw_pin_init                 0x0800f628   Data           4  drv_gpio.o(.rti_fn.1)
    __rt_init_rt_hw_usart_init               0x0800f62c   Data           4  drv_usart.o(.rti_fn.1)
    __rt_init_rti_board_end                  0x0800f630   Data           4  components.o(.rti_fn.1.end)
    __rt_init_finsh_system_init              0x0800f634   Data           4  shell.o(.rti_fn.6)
    __rt_init_rti_end                        0x0800f638   Data           4  components.o(.rti_fn.6.end)
    FSymTab$$Base                            0x0800f63c   Number         0  main.o(FSymTab)
    __fsym___cmd_led                         0x0800f63c   Data          12  main.o(FSymTab)
    __fsym_list_mem                          0x0800f648   Data          12  mem.o(FSymTab)
    __fsym_pinMode                           0x0800f654   Data          12  pin.o(FSymTab)
    __fsym_pinWrite                          0x0800f660   Data          12  pin.o(FSymTab)
    __fsym_pinRead                           0x0800f66c   Data          12  pin.o(FSymTab)
    __fsym_hello                             0x0800f678   Data          12  cmd.o(FSymTab)
    __fsym_version                           0x0800f684   Data          12  cmd.o(FSymTab)
    __fsym___cmd_version                     0x0800f690   Data          12  cmd.o(FSymTab)
    __fsym_list_thread                       0x0800f69c   Data          12  cmd.o(FSymTab)
    __fsym___cmd_list_thread                 0x0800f6a8   Data          12  cmd.o(FSymTab)
    __fsym_list_sem                          0x0800f6b4   Data          12  cmd.o(FSymTab)
    __fsym___cmd_list_sem                    0x0800f6c0   Data          12  cmd.o(FSymTab)
    __fsym_list_event                        0x0800f6cc   Data          12  cmd.o(FSymTab)
    __fsym___cmd_list_event                  0x0800f6d8   Data          12  cmd.o(FSymTab)
    __fsym_list_mutex                        0x0800f6e4   Data          12  cmd.o(FSymTab)
    __fsym___cmd_list_mutex                  0x0800f6f0   Data          12  cmd.o(FSymTab)
    __fsym_list_mailbox                      0x0800f6fc   Data          12  cmd.o(FSymTab)
    __fsym___cmd_list_mailbox                0x0800f708   Data          12  cmd.o(FSymTab)
    __fsym_list_msgqueue                     0x0800f714   Data          12  cmd.o(FSymTab)
    __fsym___cmd_list_msgqueue               0x0800f720   Data          12  cmd.o(FSymTab)
    __fsym_list_memheap                      0x0800f72c   Data          12  cmd.o(FSymTab)
    __fsym___cmd_list_memheap                0x0800f738   Data          12  cmd.o(FSymTab)
    __fsym_list_mempool                      0x0800f744   Data          12  cmd.o(FSymTab)
    __fsym___cmd_list_mempool                0x0800f750   Data          12  cmd.o(FSymTab)
    __fsym_list_timer                        0x0800f75c   Data          12  cmd.o(FSymTab)
    __fsym___cmd_list_timer                  0x0800f768   Data          12  cmd.o(FSymTab)
    __fsym_list_device                       0x0800f774   Data          12  cmd.o(FSymTab)
    __fsym___cmd_list_device                 0x0800f780   Data          12  cmd.o(FSymTab)
    __fsym_list                              0x0800f78c   Data          12  cmd.o(FSymTab)
    __fsym___cmd_help                        0x0800f798   Data          12  msh.o(FSymTab)
    __fsym___cmd_ps                          0x0800f7a4   Data          12  msh_cmd.o(FSymTab)
    __fsym___cmd_time                        0x0800f7b0   Data          12  msh_cmd.o(FSymTab)
    __fsym___cmd_free                        0x0800f7bc   Data          12  msh_cmd.o(FSymTab)
    __fsym___cmd_dynmem_sample               0x0800f7c8   Data          12  dynmem_sample.o(FSymTab)
    __fsym___cmd_event_sample                0x0800f7d4   Data          12  event_sample.o(FSymTab)
    __fsym___cmd_idle_hook_sample            0x0800f7e0   Data          12  idlehook_sample.o(FSymTab)
    __fsym___cmd_interrupt_sample            0x0800f7ec   Data          12  interrupt_sample.o(FSymTab)
    __fsym___cmd_mailbox_sample              0x0800f7f8   Data          12  mailbox_sample.o(FSymTab)
    __fsym___cmd_mempool_sample              0x0800f804   Data          12  memp_sample.o(FSymTab)
    __fsym___cmd_msgq_sample                 0x0800f810   Data          12  msgq_sample.o(FSymTab)
    __fsym___cmd_mutex_sample                0x0800f81c   Data          12  mutex_sample.o(FSymTab)
    __fsym___cmd_pri_inversion               0x0800f828   Data          12  priority_inversion.o(FSymTab)
    __fsym___cmd_producer_consumer           0x0800f834   Data          12  producer_consumer.o(FSymTab)
    __fsym___cmd_scheduler_hook              0x0800f840   Data          12  scheduler_hook.o(FSymTab)
    __fsym___cmd_semaphore_sample            0x0800f84c   Data          12  semaphore_sample.o(FSymTab)
    __fsym___cmd_signal_sample               0x0800f858   Data          12  signal_sample.o(FSymTab)
    __fsym___cmd_thread_sample               0x0800f864   Data          12  thread_sample.o(FSymTab)
    __fsym___cmd_timer_sample                0x0800f870   Data          12  timer_sample.o(FSymTab)
    __fsym___cmd_timeslice_sample            0x0800f87c   Data          12  timeslice_sample.o(FSymTab)
    FSymTab$$Limit                           0x0800f888   Number         0  timeslice_sample.o(FSymTab)
    Region$$Table$$Base                      0x0800f888   Number         0  anon$$obj.o(Region$$Table)
    Region$$Table$$Limit                     0x0800f8a8   Number         0  anon$$obj.o(Region$$Table)
    pin_irq_hdr_tab                          0x20000000   Data         192  drv_gpio.o(.data)
    uart1                                    0x200000c0   Data          68  drv_usart.o(.data)
    SystemCoreClock                          0x20000104   Data           4  system_stm32f1xx.o(.data)
    uwTick                                   0x20000108   Data           4  stm32f1xx_hal.o(.data)
    rt_interrupt_nest                        0x20000118   Data           1  irq.o(.data)
    rt_assert_hook                           0x20000124   Data           4  kservice.o(.data)
    rt_object_trytake_hook                   0x200001f8   Data           4  object.o(.data)
    rt_object_take_hook                      0x200001fc   Data           4  object.o(.data)
    rt_object_put_hook                       0x20000200   Data           4  object.o(.data)
    rt_current_thread                        0x20000208   Data           4  scheduler.o(.data)
    rt_current_priority                      0x2000020c   Data           1  scheduler.o(.data)
    rt_thread_ready_priority_group           0x20000210   Data           4  scheduler.o(.data)
    rt_thread_defunct                        0x20000214   Data           8  scheduler.o(.data)
    rt_interrupt_from_thread                 0x20000240   Data           4  cpuport.o(.data)
    rt_interrupt_to_thread                   0x20000244   Data           4  cpuport.o(.data)
    rt_thread_switch_interrupt_flag          0x20000248   Data           4  cpuport.o(.data)
    shell                                    0x20000250   Data           4  shell.o(.data)
    _syscall_table_begin                     0x20000254   Data           4  symbol.o(.data)
    _syscall_table_end                       0x20000258   Data           4  symbol.o(.data)
    _sysvar_table_begin                      0x2000025c   Data           4  symbol.o(.data)
    _sysvar_table_end                        0x20000260   Data           4  symbol.o(.data)
    count                                    0x200002c8   Data           8  scheduler_hook.o(.data)
    serial1                                  0x200002fc   Data          84  drv_usart.o(.bss)
    rt_thread_priority_table                 0x20000594   Data         256  scheduler.o(.bss)
    array                                    0x20004600   Data          20  producer_consumer.o(.bss)
    sem_lock                                 0x20004614   Data          32  producer_consumer.o(.bss)
    sem_empty                                0x20004634   Data          32  producer_consumer.o(.bss)
    sem_full                                 0x20004654   Data          32  producer_consumer.o(.bss)
    Image$$RW_IRAM1$$ZI$$Limit               0x20005830   Number         0  anon$$obj.o ABSOLUTE
    __initial_sp                             0x20005830   Data           0  startup_stm32f103xe.o(STACK)



==============================================================================

Memory Map of the image

  Image Entry point : 0x08000131

  Load Region LR_IROM1 (Base: 0x08000000, Size: 0x0000fba4, Max: 0x000c0000, ABSOLUTE, COMPRESSED[0x0000f93c])

    Execution Region ER_IROM1 (Exec base: 0x08000000, Load base: 0x08000000, Size: 0x0000f8a8, Max: 0x000c0000, ABSOLUTE)

    Exec Addr    Load Addr    Size         Type   Attr      Idx    E Section Name        Object

    0x08000000   0x08000000   0x00000130   Data   RO         1251    RESET               startup_stm32f103xe.o
    0x08000130   0x08000130   0x00000000   Code   RO         1975  * .ARM.Collect$$$$00000000  mc_w.l(entry.o)
    0x08000130   0x08000130   0x00000004   Code   RO         1996    .ARM.Collect$$$$00000001  mc_w.l(entry2.o)
    0x08000134   0x08000134   0x00000004   Code   RO         1999    .ARM.Collect$$$$00000004  mc_w.l(entry5.o)
    0x08000138   0x08000138   0x00000000   Code   RO         2001    .ARM.Collect$$$$00000008  mc_w.l(entry7b.o)
    0x08000138   0x08000138   0x00000000   Code   RO         2003    .ARM.Collect$$$$0000000A  mc_w.l(entry8b.o)
    0x08000138   0x08000138   0x00000008   Code   RO         2004    .ARM.Collect$$$$0000000B  mc_w.l(entry9a.o)
    0x08000140   0x08000140   0x00000000   Code   RO         2006    .ARM.Collect$$$$0000000D  mc_w.l(entry10a.o)
    0x08000140   0x08000140   0x00000000   Code   RO         2008    .ARM.Collect$$$$0000000F  mc_w.l(entry11a.o)
    0x08000140   0x08000140   0x00000004   Code   RO         1997    .ARM.Collect$$$$00002712  mc_w.l(entry2.o)
    0x08000144   0x08000144   0x00000078   Code   RO            1    .text               main.o
    0x080001bc   0x080001bc   0x00000190   Code   RO          111    .text               board.o
    0x0800034c   0x0800034c   0x00000010   Code   RO          223    .text               stm32f1xx_it.o
    0x0800035c   0x0800035c   0x0000057c   Code   RO          250    .text               drv_gpio.o
    0x080008d8   0x080008d8   0x000004cc   Code   RO          279    .text               drv_usart.o
    0x08000da4   0x08000da4   0x000000f4   Code   RO          316    .text               system_stm32f1xx.o
    0x08000e98   0x08000e98   0x000004e8   Code   RO          383    .text               stm32f1xx_hal_gpio.o
    0x08001380   0x08001380   0x00000ee4   Code   RO          483    .text               stm32f1xx_hal_dma.o
    0x08002264   0x08002264   0x000002c4   Code   RO          507    .text               stm32f1xx_hal_cortex.o
    0x08002528   0x08002528   0x000008a8   Code   RO          631    .text               stm32f1xx_hal_rcc.o
    0x08002dd0   0x08002dd0   0x0000120a   Code   RO          817    .text               stm32f1xx_hal_uart.o
    0x08003fda   0x08003fda   0x00000002   PAD
    0x08003fdc   0x08003fdc   0x0000015c   Code   RO          883    .text               stm32f1xx_hal.o
    0x08004138   0x08004138   0x00000024   Code   RO         1252    .text               startup_stm32f103xe.o
    0x0800415c   0x0800415c   0x0000006c   Code   RO         1256    .text               clock.o
    0x080041c8   0x080041c8   0x000000dc   Code   RO         1270    .text               components.o
    0x080042a4   0x080042a4   0x00000530   Code   RO         1289    .text               device.o
    0x080047d4   0x080047d4   0x000001d4   Code   RO         1302    .text               idle.o
    0x080049a8   0x080049a8   0x00001c08   Code   RO         1321    .text               ipc.o
    0x080065b0   0x080065b0   0x0000007c   Code   RO         1339    .text               irq.o
    0x0800662c   0x0800662c   0x00000ab0   Code   RO         1354    .text               kservice.o
    0x080070dc   0x080070dc   0x000008f4   Code   RO         1374    .text               mem.o
    0x080079d0   0x080079d0   0x000004f0   Code   RO         1420    .text               mempool.o
    0x08007ec0   0x08007ec0   0x00000378   Code   RO         1438    .text               object.o
    0x08008238   0x08008238   0x00000308   Code   RO         1457    .text               scheduler.o
    0x08008540   0x08008540   0x000005c4   Code   RO         1478    .text               signal.o
    0x08008b04   0x08008b04   0x0000059c   Code   RO         1508    .text               timer.o
    0x080090a0   0x080090a0   0x000007f8   Code   RO         1527    .text               thread.o
    0x08009898   0x08009898   0x000005d4   Code   RO         1547    .text               cpuport.o
    0x08009e6c   0x08009e6c   0x000000f0   Code   RO         1563    .text               context_rvds.o
    0x08009f5c   0x08009f5c   0x00000250   Code   RO         1567    .text               pin.o
    0x0800a1ac   0x0800a1ac   0x00000530   Code   RO         1585    .text               serial.o
    0x0800a6dc   0x0800a6dc   0x000008bc   Code   RO         1598    .text               shell.o
    0x0800af98   0x0800af98   0x00000bfc   Code   RO         1639    .text               cmd.o
    0x0800bb94   0x0800bb94   0x00000368   Code   RO         1660    .text               msh.o
    0x0800befc   0x0800befc   0x00000022   Code   RO         1677    .text               msh_cmd.o
    0x0800bf1e   0x0800bf1e   0x00000002   PAD
    0x0800bf20   0x0800bf20   0x000000d0   Code   RO         1699    .text               dynmem_sample.o
    0x0800bff0   0x0800bff0   0x00000204   Code   RO         1715    .text               event_sample.o
    0x0800c1f4   0x0800c1f4   0x00000138   Code   RO         1732    .text               idlehook_sample.o
    0x0800c32c   0x0800c32c   0x000000b8   Code   RO         1749    .text               interrupt_sample.o
    0x0800c3e4   0x0800c3e4   0x00000194   Code   RO         1766    .text               mailbox_sample.o
    0x0800c578   0x0800c578   0x00000160   Code   RO         1784    .text               memp_sample.o
    0x0800c6d8   0x0800c6d8   0x0000025c   Code   RO         1802    .text               msgq_sample.o
    0x0800c934   0x0800c934   0x000001b0   Code   RO         1819    .text               mutex_sample.o
    0x0800cae4   0x0800cae4   0x00000254   Code   RO         1837    .text               priority_inversion.o
    0x0800cd38   0x0800cd38   0x000002d8   Code   RO         1854    .text               producer_consumer.o
    0x0800d010   0x0800d010   0x000000d8   Code   RO         1872    .text               scheduler_hook.o
    0x0800d0e8   0x0800d0e8   0x000001fc   Code   RO         1889    .text               semaphore_sample.o
    0x0800d2e4   0x0800d2e4   0x000000bc   Code   RO         1907    .text               signal_sample.o
    0x0800d3a0   0x0800d3a0   0x00000160   Code   RO         1924    .text               thread_sample.o
    0x0800d500   0x0800d500   0x00000104   Code   RO         1942    .text               timer_sample.o
    0x0800d604   0x0800d604   0x000000b4   Code   RO         1959    .text               timeslice_sample.o
    0x0800d6b8   0x0800d6b8   0x00000024   Code   RO         1980    .text               mc_w.l(memcpya.o)
    0x0800d6dc   0x0800d6dc   0x00000024   Code   RO         1982    .text               mc_w.l(memseta.o)
    0x0800d700   0x0800d700   0x00000018   Code   RO         1984    .text               mc_w.l(strcat.o)
    0x0800d718   0x0800d718   0x0000000e   Code   RO         1986    .text               mc_w.l(strlen.o)
    0x0800d726   0x0800d726   0x0000001a   Code   RO         1988    .text               mc_w.l(memcmp.o)
    0x0800d740   0x0800d740   0x00000012   Code   RO         1990    .text               mc_w.l(strcpy.o)
    0x0800d752   0x0800d752   0x0000001e   Code   RO         1992    .text               mc_w.l(strncmp.o)
    0x0800d770   0x0800d770   0x00000024   Code   RO         2010    .text               mc_w.l(init.o)
    0x0800d794   0x0800d794   0x00000056   Code   RO         2020    .text               mc_w.l(__dczerorl2.o)
    0x0800d7ea   0x0800d7ea   0x0000000e   Code   RO         2014    i.__scatterload_copy  mc_w.l(handlers.o)
    0x0800d7f8   0x0800d7f8   0x00000002   Code   RO         2015    i.__scatterload_null  mc_w.l(handlers.o)
    0x0800d7fa   0x0800d7fa   0x0000000e   Code   RO         2016    i.__scatterload_zeroinit  mc_w.l(handlers.o)
    0x0800d808   0x0800d808   0x00000013   Data   RO          112    .constdata          board.o
    0x0800d81b   0x0800d81b   0x00000001   PAD
    0x0800d81c   0x0800d81c   0x00000968   Data   RO          251    .constdata          drv_gpio.o
    0x0800e184   0x0800e184   0x0000006f   Data   RO          281    .constdata          drv_usart.o
    0x0800e1f3   0x0800e1f3   0x00000018   Data   RO          317    .constdata          system_stm32f1xx.o
    0x0800e20b   0x0800e20b   0x00000014   Data   RO         1271    .constdata          components.o
    0x0800e21f   0x0800e21f   0x000000c9   Data   RO         1290    .constdata          device.o
    0x0800e2e8   0x0800e2e8   0x00000016   Data   RO         1304    .constdata          idle.o
    0x0800e2fe   0x0800e2fe   0x000001f7   Data   RO         1322    .constdata          ipc.o
    0x0800e4f5   0x0800e4f5   0x00000122   Data   RO         1356    .constdata          kservice.o
    0x0800e617   0x0800e617   0x00000046   Data   RO         1376    .constdata          mem.o
    0x0800e65d   0x0800e65d   0x0000003e   Data   RO         1421    .constdata          mempool.o
    0x0800e69b   0x0800e69b   0x00000080   Data   RO         1439    .constdata          object.o
    0x0800e71b   0x0800e71b   0x0000004e   Data   RO         1459    .constdata          scheduler.o
    0x0800e769   0x0800e769   0x00000048   Data   RO         1479    .constdata          signal.o
    0x0800e7b1   0x0800e7b1   0x0000005c   Data   RO         1509    .constdata          timer.o
    0x0800e80d   0x0800e80d   0x000000b9   Data   RO         1528    .constdata          thread.o
    0x0800e8c6   0x0800e8c6   0x00000013   Data   RO         1548    .constdata          cpuport.o
    0x0800e8d9   0x0800e8d9   0x0000007e   Data   RO         1569    .constdata          pin.o
    0x0800e957   0x0800e957   0x000000b5   Data   RO         1586    .constdata          serial.o
    0x0800ea0c   0x0800ea0c   0x0000005b   Data   RO         1600    .constdata          shell.o
    0x0800ea67   0x0800ea67   0x00000001   PAD
    0x0800ea68   0x0800ea68   0x00000050   Data   RO         1640    .constdata          cmd.o
    0x0800eab8   0x0800eab8   0x0000000e   Data   RO         1661    .constdata          msh.o
    0x0800eac6   0x0800eac6   0x00000002   PAD
    0x0800eac8   0x0800eac8   0x00000043   Data   RO          113    .conststring        board.o
    0x0800eb0b   0x0800eb0b   0x00000001   PAD
    0x0800eb0c   0x0800eb0c   0x0000015a   Data   RO         1323    .conststring        ipc.o
    0x0800ec66   0x0800ec66   0x00000002   PAD
    0x0800ec68   0x0800ec68   0x000000ed   Data   RO         1377    .conststring        mem.o
    0x0800ed55   0x0800ed55   0x00000003   PAD
    0x0800ed58   0x0800ed58   0x00000042   Data   RO         1529    .conststring        thread.o
    0x0800ed9a   0x0800ed9a   0x00000002   PAD
    0x0800ed9c   0x0800ed9c   0x0000015d   Data   RO         1641    .conststring        cmd.o
    0x0800eef9   0x0800eef9   0x00000025   Data   RO            2    .rodata.name        main.o
    0x0800ef1e   0x0800ef1e   0x00000027   Data   RO         1379    .rodata.name        mem.o
    0x0800ef45   0x0800ef45   0x00000069   Data   RO         1570    .rodata.name        pin.o
    0x0800efae   0x0800efae   0x00000385   Data   RO         1642    .rodata.name        cmd.o
    0x0800f333   0x0800f333   0x00000021   Data   RO         1662    .rodata.name        msh.o
    0x0800f354   0x0800f354   0x0000007b   Data   RO         1678    .rodata.name        msh_cmd.o
    0x0800f3cf   0x0800f3cf   0x00000022   Data   RO         1700    .rodata.name        dynmem_sample.o
    0x0800f3f1   0x0800f3f1   0x00000020   Data   RO         1717    .rodata.name        event_sample.o
    0x0800f411   0x0800f411   0x00000028   Data   RO         1734    .rodata.name        idlehook_sample.o
    0x0800f439   0x0800f439   0x00000028   Data   RO         1751    .rodata.name        interrupt_sample.o
    0x0800f461   0x0800f461   0x00000024   Data   RO         1769    .rodata.name        mailbox_sample.o
    0x0800f485   0x0800f485   0x00000024   Data   RO         1787    .rodata.name        memp_sample.o
    0x0800f4a9   0x0800f4a9   0x0000001e   Data   RO         1804    .rodata.name        msgq_sample.o
    0x0800f4c7   0x0800f4c7   0x00000020   Data   RO         1822    .rodata.name        mutex_sample.o
    0x0800f4e7   0x0800f4e7   0x00000029   Data   RO         1839    .rodata.name        priority_inversion.o
    0x0800f510   0x0800f510   0x00000031   Data   RO         1857    .rodata.name        producer_consumer.o
    0x0800f541   0x0800f541   0x0000002b   Data   RO         1874    .rodata.name        scheduler_hook.o
    0x0800f56c   0x0800f56c   0x00000028   Data   RO         1892    .rodata.name        semaphore_sample.o
    0x0800f594   0x0800f594   0x00000022   Data   RO         1909    .rodata.name        signal_sample.o
    0x0800f5b6   0x0800f5b6   0x00000022   Data   RO         1927    .rodata.name        thread_sample.o
    0x0800f5d8   0x0800f5d8   0x00000020   Data   RO         1944    .rodata.name        timer_sample.o
    0x0800f5f8   0x0800f5f8   0x00000028   Data   RO         1960    .rodata.name        timeslice_sample.o
    0x0800f620   0x0800f620   0x00000004   Data   RO         1272    .rti_fn.0           components.o
    0x0800f624   0x0800f624   0x00000004   Data   RO         1273    .rti_fn.0.end       components.o
    0x0800f628   0x0800f628   0x00000004   Data   RO          253    .rti_fn.1           drv_gpio.o
    0x0800f62c   0x0800f62c   0x00000004   Data   RO          283    .rti_fn.1           drv_usart.o
    0x0800f630   0x0800f630   0x00000004   Data   RO         1274    .rti_fn.1.end       components.o
    0x0800f634   0x0800f634   0x00000004   Data   RO         1602    .rti_fn.6           shell.o
    0x0800f638   0x0800f638   0x00000004   Data   RO         1275    .rti_fn.6.end       components.o
    0x0800f63c   0x0800f63c   0x0000000c   Data   RO            3    FSymTab             main.o
    0x0800f648   0x0800f648   0x0000000c   Data   RO         1380    FSymTab             mem.o
    0x0800f654   0x0800f654   0x00000024   Data   RO         1571    FSymTab             pin.o
    0x0800f678   0x0800f678   0x00000120   Data   RO         1643    FSymTab             cmd.o
    0x0800f798   0x0800f798   0x0000000c   Data   RO         1663    FSymTab             msh.o
    0x0800f7a4   0x0800f7a4   0x00000024   Data   RO         1679    FSymTab             msh_cmd.o
    0x0800f7c8   0x0800f7c8   0x0000000c   Data   RO         1701    FSymTab             dynmem_sample.o
    0x0800f7d4   0x0800f7d4   0x0000000c   Data   RO         1718    FSymTab             event_sample.o
    0x0800f7e0   0x0800f7e0   0x0000000c   Data   RO         1735    FSymTab             idlehook_sample.o
    0x0800f7ec   0x0800f7ec   0x0000000c   Data   RO         1752    FSymTab             interrupt_sample.o
    0x0800f7f8   0x0800f7f8   0x0000000c   Data   RO         1770    FSymTab             mailbox_sample.o
    0x0800f804   0x0800f804   0x0000000c   Data   RO         1788    FSymTab             memp_sample.o
    0x0800f810   0x0800f810   0x0000000c   Data   RO         1805    FSymTab             msgq_sample.o
    0x0800f81c   0x0800f81c   0x0000000c   Data   RO         1823    FSymTab             mutex_sample.o
    0x0800f828   0x0800f828   0x0000000c   Data   RO         1840    FSymTab             priority_inversion.o
    0x0800f834   0x0800f834   0x0000000c   Data   RO         1858    FSymTab             producer_consumer.o
    0x0800f840   0x0800f840   0x0000000c   Data   RO         1875    FSymTab             scheduler_hook.o
    0x0800f84c   0x0800f84c   0x0000000c   Data   RO         1893    FSymTab             semaphore_sample.o
    0x0800f858   0x0800f858   0x0000000c   Data   RO         1910    FSymTab             signal_sample.o
    0x0800f864   0x0800f864   0x0000000c   Data   RO         1928    FSymTab             thread_sample.o
    0x0800f870   0x0800f870   0x0000000c   Data   RO         1945    FSymTab             timer_sample.o
    0x0800f87c   0x0800f87c   0x0000000c   Data   RO         1961    FSymTab             timeslice_sample.o
    0x0800f888   0x0800f888   0x00000020   Data   RO         2012    Region$$Table       anon$$obj.o


    Execution Region RW_IRAM1 (Exec base: 0x20000000, Load base: 0x0800f8a8, Size: 0x00005830, Max: 0x00018000, ABSOLUTE, COMPRESSED[0x00000094])

    Exec Addr    Load Addr    Size         Type   Attr      Idx    E Section Name        Object

    0x20000000   COMPRESSED   0x000000c0   Data   RW          252    .data               drv_gpio.o
    0x200000c0   COMPRESSED   0x00000044   Data   RW          282    .data               drv_usart.o
    0x20000104   COMPRESSED   0x00000004   Data   RW          318    .data               system_stm32f1xx.o
    0x20000108   COMPRESSED   0x00000004   Data   RW          884    .data               stm32f1xx_hal.o
    0x2000010c   COMPRESSED   0x00000004   Data   RW         1257    .data               clock.o
    0x20000110   COMPRESSED   0x00000009   Data   RW         1340    .data               irq.o
    0x20000119   COMPRESSED   0x00000003   PAD
    0x2000011c   COMPRESSED   0x0000000c   Data   RW         1357    .data               kservice.o
    0x20000128   COMPRESSED   0x00000020   Data   RW         1378    .data               mem.o
    0x20000148   COMPRESSED   0x00000008   Data   RW         1422    .data               mempool.o
    0x20000150   COMPRESSED   0x000000b4   Data   RW         1440    .data               object.o
    0x20000204   COMPRESSED   0x0000001c   Data   RW         1460    .data               scheduler.o
    0x20000220   COMPRESSED   0x00000004   Data   RW         1480    .data               signal.o
    0x20000224   COMPRESSED   0x00000010   Data   RW         1510    .data               timer.o
    0x20000234   COMPRESSED   0x0000000c   Data   RW         1530    .data               thread.o
    0x20000240   COMPRESSED   0x00000010   Data   RW         1549    .data               cpuport.o
    0x20000250   COMPRESSED   0x00000004   Data   RW         1601    .data               shell.o
    0x20000254   COMPRESSED   0x00000010   Data   RW         1623    .data               symbol.o
    0x20000264   COMPRESSED   0x00000008   Data   RW         1733    .data               idlehook_sample.o
    0x2000026c   COMPRESSED   0x00000004   Data   RW         1750    .data               interrupt_sample.o
    0x20000270   COMPRESSED   0x00000027   Data   RW         1768    .data               mailbox_sample.o
    0x20000297   COMPRESSED   0x00000001   PAD
    0x20000298   COMPRESSED   0x00000008   Data   RW         1786    .data               memp_sample.o
    0x200002a0   COMPRESSED   0x00000006   Data   RW         1821    .data               mutex_sample.o
    0x200002a6   COMPRESSED   0x00000002   PAD
    0x200002a8   COMPRESSED   0x00000010   Data   RW         1838    .data               priority_inversion.o
    0x200002b8   COMPRESSED   0x00000010   Data   RW         1856    .data               producer_consumer.o
    0x200002c8   COMPRESSED   0x00000010   Data   RW         1873    .data               scheduler_hook.o
    0x200002d8   COMPRESSED   0x0000000d   Data   RW         1891    .data               semaphore_sample.o
    0x200002e5   COMPRESSED   0x00000003   PAD
    0x200002e8   COMPRESSED   0x00000004   Data   RW         1908    .data               signal_sample.o
    0x200002ec   COMPRESSED   0x00000004   Data   RW         1926    .data               thread_sample.o
    0x200002f0   COMPRESSED   0x0000000c   Data   RW         1943    .data               timer_sample.o
    0x200002fc        -       0x00000054   Zero   RW          280    .bss                drv_usart.o
    0x20000350        -       0x000001a4   Zero   RW         1303    .bss                idle.o
    0x200004f4        -       0x00000080   Zero   RW         1355    .bss                kservice.o
    0x20000574        -       0x00000020   Zero   RW         1375    .bss                mem.o
    0x20000594        -       0x00000100   Zero   RW         1458    .bss                scheduler.o
    0x20000694        -       0x00000044   Zero   RW         1568    .bss                pin.o
    0x200006d8        -       0x00000081   Zero   RW         1599    .bss                shell.o
    0x20000759   COMPRESSED   0x00000003   PAD
    0x2000075c        -       0x00000948   Zero   RW         1716    .bss                event_sample.o
    0x200010a4        -       0x000009d8   Zero   RW         1767    .bss                mailbox_sample.o
    0x20001a7c        -       0x00001100   Zero   RW         1785    .bss                memp_sample.o
    0x20002b7c        -       0x0000115c   Zero   RW         1803    .bss                msgq_sample.o
    0x20003cd8        -       0x00000928   Zero   RW         1820    .bss                mutex_sample.o
    0x20004600        -       0x00000074   Zero   RW         1855    .bss                producer_consumer.o
    0x20004674        -       0x00000928   Zero   RW         1890    .bss                semaphore_sample.o
    0x20004f9c        -       0x00000494   Zero   RW         1925    .bss                thread_sample.o
    0x20005430        -       0x00000400   Zero   RW         1249    STACK               startup_stm32f103xe.o


==============================================================================

Image component sizes


      Code (inc. data)   RO Data    RW Data    ZI Data      Debug   Object Name

       400         80         86          0          0     445422   board.o
       108          6          0          4          0       1384   clock.o
      3068       1334       1618          0          0      14863   cmd.o
       220         42         36          0          0       2570   components.o
       240         26          0          0          0        756   context_rvds.o
      1492        718         19         16          0       3855   cpuport.o
      1328        312        201          0          0       5622   device.o
      1404         44       2412        192          0       7462   drv_gpio.o
      1228        178        115         68         84      26331   drv_usart.o
       208         92         46          0          0       1607   dynmem_sample.o
       516        264         44          0       2376       1981   event_sample.o
       468         78         22          0        420       5296   idle.o
       312        136         52          8          0       1773   idlehook_sample.o
       184         58         52          4          0       1666   interrupt_sample.o
      7176       1040        849          0          0      22211   ipc.o
       124         14          0          9          0       1800   irq.o
      2736        228        290         12        128      12188   kservice.o
       404        174         48         39       2520       2129   mailbox_sample.o
       120         38         49          0          0      23984   main.o
      2292        644        358         32         32       5403   mem.o
       352        118         48          8       4352       1909   memp_sample.o
      1264        264         62          8          0       6930   mempool.o
       604        296         42          0       4444       2057   msgq_sample.o
       872        136         59          0          0       4232   msh.o
        34          0        159          0          0       2211   msh_cmd.o
       432        178         44          6       2344       1913   mutex_sample.o
       888        186        128        180          0       8151   object.o
       592         94        267          0         68       5007   pin.o
       596        218         53         16          0       2129   priority_inversion.o
       728        290         61         16        116       2235   producer_consumer.o
       776        148         78         28        256       6461   scheduler.o
       216         82         55         16          0       1819   scheduler_hook.o
       508        264         52         13       2344       2025   semaphore_sample.o
      1328        148        181          0          0       5861   serial.o
      2236        222         95          4        129       5829   shell.o
      1476        172         72          4          0       8152   signal.o
       188         64         46          4          0       1740   signal_sample.o
        36          8        304          0       1024        872   startup_stm32f103xe.o
       348         30          0          4          0       4043   stm32f1xx_hal.o
       708         22          0          0          0      27270   stm32f1xx_hal_cortex.o
      3812         40          0          0          0       6621   stm32f1xx_hal_dma.o
      1256         42          0          0          0       3887   stm32f1xx_hal_gpio.o
      2216         94          0          0          0       5263   stm32f1xx_hal_rcc.o
      4618         46          0          0          0      15864   stm32f1xx_hal_uart.o
        16          0          0          0          0        809   stm32f1xx_it.o
         0          0          0         16          0       5033   symbol.o
       244         32         24          4          0       1669   system_stm32f1xx.o
      2040        416        251         12          0      10474   thread.o
       352        102         46          4       1172       2118   thread_sample.o
      1436        268         92         16          0       8587   timer.o
       260        128         44         12          0       1645   timer_sample.o
       180         66         52          0          0       1625   timeslice_sample.o

    ----------------------------------------------------------------------
     54644       9680       8656        764      21812     752744   Object Totals
         0          0         32          0          0          0   (incl. Generated)
         4          0         12          9          3          0   (incl. Padding)

    ----------------------------------------------------------------------

      Code (inc. data)   RO Data    RW Data    ZI Data      Debug   Library Member Name

        86          0          0          0          0          0   __dczerorl2.o
         0          0          0          0          0          0   entry.o
         0          0          0          0          0          0   entry10a.o
         0          0          0          0          0          0   entry11a.o
         8          4          0          0          0          0   entry2.o
         4          0          0          0          0          0   entry5.o
         0          0          0          0          0          0   entry7b.o
         0          0          0          0          0          0   entry8b.o
         8          4          0          0          0          0   entry9a.o
        30          0          0          0          0          0   handlers.o
        36          8          0          0          0         68   init.o
        26          0          0          0          0         80   memcmp.o
        36          0          0          0          0         68   memcpya.o
        36          0          0          0          0        108   memseta.o
        24          0          0          0          0         68   strcat.o
        18          0          0          0          0         68   strcpy.o
        14          0          0          0          0         68   strlen.o
        30          0          0          0          0         80   strncmp.o

    ----------------------------------------------------------------------
       356         16          0          0          0        608   Library Totals
         0          0          0          0          0          0   (incl. Padding)

    ----------------------------------------------------------------------

      Code (inc. data)   RO Data    RW Data    ZI Data      Debug   Library Name

       356         16          0          0          0        608   mc_w.l

    ----------------------------------------------------------------------
       356         16          0          0          0        608   Library Totals

    ----------------------------------------------------------------------

==============================================================================


      Code (inc. data)   RO Data    RW Data    ZI Data      Debug   

     55000       9696       8656        764      21812     749008   Grand Totals
     55000       9696       8656        148      21812     749008   ELF Image Totals (compressed)
     55000       9696       8656        148          0          0   ROM Totals

==============================================================================

    Total RO  Size (Code + RO Data)                63656 (  62.16kB)
    Total RW  Size (RW Data + ZI Data)             22576 (  22.05kB)
    Total ROM Size (Code + RO Data + RW Data)      63804 (  62.31kB)

==============================================================================

